MemTotal:       16378824 kB
MemFree:        10673408 kB
MemAvailable:   15429992 kB
Buffers:          109484 kB
Cached:          4804448 kB
SwapCached:            0 kB
Active:           667904 kB
Inactive:        4470696 kB
Active(anon):     280288 kB
Inactive(anon):        0 kB
Active(file):     387616 kB
Inactive(file):  4470696 kB
Unevictable:       46772 kB
Mlocked:           43700 kB
SwapTotal:       3145724 kB
SwapFree:        3145724 kB
Zswap:                 0 kB
Zswapped:              0 kB
Dirty:            438020 kB
Writeback:             0 kB
AnonPages:        271184 kB
Mapped:           291504 kB
Shmem:             46876 kB
KReclaimable:     244200 kB
Slab:             334020 kB
SReclaimable:     244200 kB
SUnreclaim:        89820 kB
KernelStack:        3808 kB
PageTables:         5568 kB
SecPageTables:         0 kB
NFS_Unstable:          0 kB
Bounce:                0 kB
WritebackTmp:          0 kB
CommitLimit:    11335136 kB
Committed_AS:    2025836 kB
VmallocTotal:   34359738367 kB
VmallocUsed:       31748 kB
VmallocChunk:          0 kB
Percpu:             2048 kB
HardwareCorrupted:     0 kB
AnonHugePages:    112640 kB
ShmemHugePages:        0 kB
ShmemPmdMapped:        0 kB
FileHugePages:         0 kB
FilePmdMapped:         0 kB
Unaccepted:            0 kB
HugePages_Total:       0
HugePages_Free:        0
HugePages_Rsvd:        0
HugePages_Surp:        0
Hugepagesize:       2048 kB
Hugetlb:               0 kB
DirectMap4k:      113976 kB
DirectMap2M:     3031040 kB
DirectMap1G:    15728640 kB
