-- /proc/meminfo --
MemTotal:       16378824 kB
MemFree:         9913844 kB
MemAvailable:   14694016 kB
Buffers:          107860 kB
Cached:          4834480 kB
SwapCached:            0 kB
Active:           726728 kB
Inactive:        4455084 kB
Active(anon):     299132 kB
Inactive(anon):        0 kB
Active(file):     427596 kB
Inactive(file):  4455084 kB
Unevictable:       46772 kB
Mlocked:           43700 kB
SwapTotal:       3145724 kB
SwapFree:        3145724 kB
Zswap:                 0 kB
Zswapped:              0 kB
Dirty:               832 kB
Writeback:             0 kB
AnonPages:        283580 kB
Mapped:           295244 kB
Shmem:             50908 kB
KReclaimable:     243420 kB
Slab:             335576 kB
SReclaimable:     243420 kB
SUnreclaim:        92156 kB
KernelStack:        3964 kB
PageTables:         5884 kB
SecPageTables:         0 kB
NFS_Unstable:          0 kB
Bounce:                0 kB
WritebackTmp:          0 kB
CommitLimit:    11335136 kB
Committed_AS:    1994768 kB
VmallocTotal:   34359738367 kB
VmallocUsed:       31956 kB
VmallocChunk:          0 kB
Percpu:             2048 kB
HardwareCorrupted:     0 kB
AnonHugePages:    124928 kB
ShmemHugePages:        0 kB
ShmemPmdMapped:        0 kB
FileHugePages:         0 kB
FilePmdMapped:         0 kB
Unaccepted:            0 kB
HugePages_Total:       0
HugePages_Free:        0
HugePages_Rsvd:        0
HugePages_Surp:        0
Hugepagesize:       2048 kB
Hugetlb:               0 kB
DirectMap4k:      103736 kB
DirectMap2M:     3041280 kB
DirectMap1G:    15728640 kB
