-- /proc/meminfo --
MemTotal:       16378824 kB
MemFree:         9887168 kB
MemAvailable:   14667548 kB
Buffers:          107888 kB
Cached:          4834700 kB
SwapCached:            0 kB
Active:           726880 kB
Inactive:        4455288 kB
Active(anon):     299284 kB
Inactive(anon):        0 kB
Active(file):     427596 kB
Inactive(file):  4455288 kB
Unevictable:       46772 kB
Mlocked:           43700 kB
SwapTotal:       3145724 kB
SwapFree:        3145724 kB
Zswap:                 0 kB
Zswapped:              0 kB
Dirty:              1016 kB
Writeback:             0 kB
AnonPages:        283604 kB
Mapped:           295252 kB
Shmem:             50960 kB
KReclaimable:     243424 kB
Slab:             335696 kB
SReclaimable:     243424 kB
SUnreclaim:        92272 kB
KernelStack:        3956 kB
PageTables:         6016 kB
SecPageTables:         0 kB
NFS_Unstable:          0 kB
Bounce:                0 kB
WritebackTmp:          0 kB
CommitLimit:    11335136 kB
Committed_AS:    1995052 kB
VmallocTotal:   34359738367 kB
VmallocUsed:       31956 kB
VmallocChunk:          0 kB
Percpu:             2048 kB
HardwareCorrupted:     0 kB
AnonHugePages:    124928 kB
ShmemHugePages:        0 kB
ShmemPmdMapped:        0 kB
FileHugePages:         0 kB
FilePmdMapped:         0 kB
Unaccepted:            0 kB
HugePages_Total:       0
HugePages_Free:        0
HugePages_Rsvd:        0
HugePages_Surp:        0
Hugepagesize:       2048 kB
Hugetlb:               0 kB
DirectMap4k:      103736 kB
DirectMap2M:     3041280 kB
DirectMap1G:    15728640 kB
