-- /proc/meminfo --
MemTotal:       16378824 kB
MemFree:         9839892 kB
MemAvailable:   14636844 kB
Buffers:          107908 kB
Cached:          4850860 kB
SwapCached:            0 kB
Active:           771928 kB
Inactive:        4471448 kB
Active(anon):     344332 kB
Inactive(anon):        0 kB
Active(file):     427596 kB
Inactive(file):  4471448 kB
Unevictable:       46772 kB
Mlocked:           43700 kB
SwapTotal:       3145724 kB
SwapFree:        3145724 kB
Zswap:                 0 kB
Zswapped:              0 kB
Dirty:               616 kB
Writeback:             0 kB
AnonPages:        328812 kB
Mapped:           324268 kB
Shmem:             50968 kB
KReclaimable:     243836 kB
Slab:             336064 kB
SReclaimable:     243836 kB
SUnreclaim:        92228 kB
KernelStack:        4056 kB
PageTables:         6216 kB
SecPageTables:         0 kB
NFS_Unstable:          0 kB
Bounce:                0 kB
WritebackTmp:          0 kB
CommitLimit:    11335136 kB
Committed_AS:    2057156 kB
VmallocTotal:   34359738367 kB
VmallocUsed:       32084 kB
VmallocChunk:          0 kB
Percpu:             2048 kB
HardwareCorrupted:     0 kB
AnonHugePages:    124928 kB
ShmemHugePages:        0 kB
ShmemPmdMapped:        0 kB
FileHugePages:         0 kB
FilePmdMapped:         0 kB
Unaccepted:            0 kB
HugePages_Total:       0
HugePages_Free:        0
HugePages_Rsvd:        0
HugePages_Surp:        0
Hugepagesize:       2048 kB
Hugetlb:               0 kB
DirectMap4k:      103736 kB
DirectMap2M:     3041280 kB
DirectMap1G:    15728640 kB
