-- /proc/meminfo --
MemTotal:       16378824 kB
MemFree:         9902208 kB
MemAvailable:   14683176 kB
Buffers:          107948 kB
Cached:          4834992 kB
SwapCached:            0 kB
Active:           726952 kB
Inactive:        4455620 kB
Active(anon):     299356 kB
Inactive(anon):        0 kB
Active(file):     427596 kB
Inactive(file):  4455620 kB
Unevictable:       46772 kB
Mlocked:           43700 kB
SwapTotal:       3145724 kB
SwapFree:        3145724 kB
Zswap:                 0 kB
Zswapped:              0 kB
Dirty:               780 kB
Writeback:             0 kB
AnonPages:        284108 kB
Mapped:           295356 kB
Shmem:             50968 kB
KReclaimable:     243680 kB
Slab:             335972 kB
SReclaimable:     243680 kB
SUnreclaim:        92292 kB
KernelStack:        3912 kB
PageTables:         5872 kB
SecPageTables:         0 kB
NFS_Unstable:          0 kB
Bounce:                0 kB
WritebackTmp:          0 kB
CommitLimit:    11335136 kB
Committed_AS:    1995036 kB
VmallocTotal:   34359738367 kB
VmallocUsed:       31892 kB
VmallocChunk:          0 kB
Percpu:             2048 kB
HardwareCorrupted:     0 kB
AnonHugePages:    129024 kB
ShmemHugePages:        0 kB
ShmemPmdMapped:        0 kB
FileHugePages:         0 kB
FilePmdMapped:         0 kB
Unaccepted:            0 kB
HugePages_Total:       0
HugePages_Free:        0
HugePages_Rsvd:        0
HugePages_Surp:        0
Hugepagesize:       2048 kB
Hugetlb:               0 kB
DirectMap4k:      103736 kB
DirectMap2M:     3041280 kB
DirectMap1G:    15728640 kB
