-- /proc/meminfo --
MemTotal:       16378824 kB
MemFree:         9860512 kB
MemAvailable:   14641672 kB
Buffers:          107988 kB
Cached:          4835184 kB
SwapCached:            0 kB
Active:           726272 kB
Inactive:        4455852 kB
Active(anon):     298676 kB
Inactive(anon):        0 kB
Active(file):     427596 kB
Inactive(file):  4455852 kB
Unevictable:       46772 kB
Mlocked:           43700 kB
SwapTotal:       3145724 kB
SwapFree:        3145724 kB
Zswap:                 0 kB
Zswapped:              0 kB
Dirty:               604 kB
Writeback:             0 kB
AnonPages:        285796 kB
Mapped:           295168 kB
Shmem:             50968 kB
KReclaimable:     243640 kB
Slab:             335880 kB
SReclaimable:     243640 kB
SUnreclaim:        92240 kB
KernelStack:        3984 kB
PageTables:         5872 kB
SecPageTables:         0 kB
NFS_Unstable:          0 kB
Bounce:                0 kB
WritebackTmp:          0 kB
CommitLimit:    11335136 kB
Committed_AS:    1995048 kB
VmallocTotal:   34359738367 kB
VmallocUsed:       31924 kB
VmallocChunk:          0 kB
Percpu:             2048 kB
HardwareCorrupted:     0 kB
AnonHugePages:    135168 kB
ShmemHugePages:        0 kB
ShmemPmdMapped:        0 kB
FileHugePages:         0 kB
FilePmdMapped:         0 kB
Unaccepted:            0 kB
HugePages_Total:       0
HugePages_Free:        0
HugePages_Rsvd:        0
HugePages_Surp:        0
Hugepagesize:       2048 kB
Hugetlb:               0 kB
DirectMap4k:      103736 kB
DirectMap2M:     3041280 kB
DirectMap1G:    15728640 kB
