-- /proc/meminfo --
MemTotal:       16378824 kB
MemFree:         9806532 kB
MemAvailable:   14587520 kB
Buffers:          107968 kB
Cached:          4835048 kB
SwapCached:            0 kB
Active:           727596 kB
Inactive:        4455704 kB
Active(anon):     300000 kB
Inactive(anon):        0 kB
Active(file):     427596 kB
Inactive(file):  4455704 kB
Unevictable:       46772 kB
Mlocked:           43700 kB
SwapTotal:       3145724 kB
SwapFree:        3145724 kB
Zswap:                 0 kB
Zswapped:              0 kB
Dirty:               780 kB
Writeback:             0 kB
AnonPages:        284696 kB
Mapped:           295320 kB
Shmem:             50968 kB
KReclaimable:     243616 kB
Slab:             335972 kB
SReclaimable:     243616 kB
SUnreclaim:        92356 kB
KernelStack:        3944 kB
PageTables:         5964 kB
SecPageTables:         0 kB
NFS_Unstable:          0 kB
Bounce:                0 kB
WritebackTmp:          0 kB
CommitLimit:    11335136 kB
Committed_AS:    1995048 kB
VmallocTotal:   34359738367 kB
VmallocUsed:       31956 kB
VmallocChunk:          0 kB
Percpu:             2048 kB
HardwareCorrupted:     0 kB
AnonHugePages:    129024 kB
ShmemHugePages:        0 kB
ShmemPmdMapped:        0 kB
FileHugePages:         0 kB
FilePmdMapped:         0 kB
Unaccepted:            0 kB
HugePages_Total:       0
HugePages_Free:        0
HugePages_Rsvd:        0
HugePages_Surp:        0
Hugepagesize:       2048 kB
Hugetlb:               0 kB
DirectMap4k:      103736 kB
DirectMap2M:     3041280 kB
DirectMap1G:    15728640 kB
