-- /proc/meminfo --
MemTotal:       16378824 kB
MemFree:        10223864 kB
MemAvailable:   15005160 kB
Buffers:          108036 kB
Cached:          4835292 kB
SwapCached:            0 kB
Active:           766220 kB
Inactive:        4455988 kB
Active(anon):     338624 kB
Inactive(anon):        0 kB
Active(file):     427596 kB
Inactive(file):  4455988 kB
Unevictable:       46772 kB
Mlocked:           43700 kB
SwapTotal:       3145724 kB
SwapFree:        3145724 kB
Zswap:                 0 kB
Zswapped:              0 kB
Dirty:               668 kB
Writeback:             0 kB
AnonPages:        324300 kB
Mapped:           323736 kB
Shmem:             51000 kB
KReclaimable:     243640 kB
Slab:             335932 kB
SReclaimable:     243640 kB
SUnreclaim:        92292 kB
KernelStack:        4032 kB
PageTables:         6252 kB
SecPageTables:         0 kB
NFS_Unstable:          0 kB
Bounce:                0 kB
WritebackTmp:          0 kB
CommitLimit:    11335136 kB
Committed_AS:    2048624 kB
VmallocTotal:   34359738367 kB
VmallocUsed:       32068 kB
VmallocChunk:          0 kB
Percpu:             2048 kB
HardwareCorrupted:     0 kB
AnonHugePages:    131072 kB
ShmemHugePages:        0 kB
ShmemPmdMapped:        0 kB
FileHugePages:         0 kB
FilePmdMapped:         0 kB
Unaccepted:            0 kB
HugePages_Total:       0
HugePages_Free:        0
HugePages_Rsvd:        0
HugePages_Surp:        0
Hugepagesize:       2048 kB
Hugetlb:               0 kB
DirectMap4k:      103736 kB
DirectMap2M:     3041280 kB
DirectMap1G:    15728640 kB
