-- /proc/meminfo --
MemTotal:       16378824 kB
MemFree:         9785496 kB
MemAvailable:   14585440 kB
Buffers:          108792 kB
Cached:          4852228 kB
SwapCached:            0 kB
Active:           970388 kB
Inactive:        4473248 kB
Active(anon):     542792 kB
Inactive(anon):        0 kB
Active(file):     427596 kB
Inactive(file):  4473248 kB
Unevictable:       46772 kB
Mlocked:           43700 kB
SwapTotal:       3145724 kB
SwapFree:        3145724 kB
Zswap:                 0 kB
Zswapped:              0 kB
Dirty:               608 kB
Writeback:             0 kB
AnonPages:        526008 kB
Mapped:           339452 kB
Shmem:             51420 kB
KReclaimable:     245028 kB
Slab:             337016 kB
SReclaimable:     245028 kB
SUnreclaim:        91988 kB
KernelStack:        4008 kB
PageTables:         6528 kB
SecPageTables:         0 kB
NFS_Unstable:          0 kB
Bounce:                0 kB
WritebackTmp:          0 kB
CommitLimit:    11335136 kB
Committed_AS:    2204704 kB
VmallocTotal:   34359738367 kB
VmallocUsed:       32020 kB
VmallocChunk:          0 kB
Percpu:             2048 kB
HardwareCorrupted:     0 kB
AnonHugePages:    182272 kB
ShmemHugePages:        0 kB
ShmemPmdMapped:        0 kB
FileHugePages:         0 kB
FilePmdMapped:         0 kB
Unaccepted:            0 kB
HugePages_Total:       0
HugePages_Free:        0
HugePages_Rsvd:        0
HugePages_Surp:        0
Hugepagesize:       2048 kB
Hugetlb:               0 kB
DirectMap4k:      103736 kB
DirectMap2M:     3041280 kB
DirectMap1G:    15728640 kB
