-- /proc/meminfo --
MemTotal:       16378824 kB
MemFree:         9007184 kB
MemAvailable:   13950936 kB
Buffers:          109308 kB
Cached:          4992104 kB
SwapCached:            0 kB
Active:          1525352 kB
Inactive:        4613260 kB
Active(anon):    1097756 kB
Inactive(anon):        0 kB
Active(file):     427596 kB
Inactive(file):  4613260 kB
Unevictable:       46772 kB
Mlocked:           43700 kB
SwapTotal:       3145724 kB
SwapFree:        3145724 kB
Zswap:                 0 kB
Zswapped:              0 kB
Dirty:            122092 kB
Writeback:             0 kB
AnonPages:       1080256 kB
Mapped:           434324 kB
Shmem:             51804 kB
KReclaimable:     248824 kB
Slab:             341232 kB
SReclaimable:     248824 kB
SUnreclaim:        92408 kB
KernelStack:        4344 kB
PageTables:         8404 kB
SecPageTables:         0 kB
NFS_Unstable:          0 kB
Bounce:                0 kB
WritebackTmp:          0 kB
CommitLimit:    11335136 kB
Committed_AS:    2860428 kB
VmallocTotal:   34359738367 kB
VmallocUsed:       32356 kB
VmallocChunk:          0 kB
Percpu:             2048 kB
HardwareCorrupted:     0 kB
AnonHugePages:    239616 kB
ShmemHugePages:        0 kB
ShmemPmdMapped:        0 kB
FileHugePages:         0 kB
FilePmdMapped:         0 kB
Unaccepted:            0 kB
HugePages_Total:       0
HugePages_Free:        0
HugePages_Rsvd:        0
HugePages_Surp:        0
Hugepagesize:       2048 kB
Hugetlb:               0 kB
DirectMap4k:      103736 kB
DirectMap2M:     3041280 kB
DirectMap1G:    15728640 kB
