-- /proc/meminfo --
MemTotal:       16378824 kB
MemFree:         9850780 kB
MemAvailable:   14666328 kB
Buffers:          108640 kB
Cached:          4867812 kB
SwapCached:            0 kB
Active:          1029676 kB
Inactive:        4488680 kB
Active(anon):     602080 kB
Inactive(anon):        0 kB
Active(file):     427596 kB
Inactive(file):  4488680 kB
Unevictable:       46772 kB
Mlocked:           43700 kB
SwapTotal:       3145724 kB
SwapFree:        3145724 kB
Zswap:                 0 kB
Zswapped:              0 kB
Dirty:               660 kB
Writeback:             0 kB
AnonPages:        585904 kB
Mapped:           339512 kB
Shmem:             51420 kB
KReclaimable:     245200 kB
Slab:             337256 kB
SReclaimable:     245200 kB
SUnreclaim:        92056 kB
KernelStack:        4012 kB
PageTables:         6628 kB
SecPageTables:         0 kB
NFS_Unstable:          0 kB
Bounce:                0 kB
WritebackTmp:          0 kB
CommitLimit:    11335136 kB
Committed_AS:    2264584 kB
VmallocTotal:   34359738367 kB
VmallocUsed:       31940 kB
VmallocChunk:          0 kB
Percpu:             2048 kB
HardwareCorrupted:     0 kB
AnonHugePages:    198656 kB
ShmemHugePages:        0 kB
ShmemPmdMapped:        0 kB
FileHugePages:         0 kB
FilePmdMapped:         0 kB
Unaccepted:            0 kB
HugePages_Total:       0
HugePages_Free:        0
HugePages_Rsvd:        0
HugePages_Surp:        0
Hugepagesize:       2048 kB
Hugetlb:               0 kB
DirectMap4k:      103736 kB
DirectMap2M:     3041280 kB
DirectMap1G:    15728640 kB
