-- /proc/meminfo --
MemTotal:       16378824 kB
MemFree:         9847428 kB
MemAvailable:   14648400 kB
Buffers:          109080 kB
Cached:          4853592 kB
SwapCached:            0 kB
Active:           743868 kB
Inactive:        4474632 kB
Active(anon):     316272 kB
Inactive(anon):        0 kB
Active(file):     427596 kB
Inactive(file):  4474632 kB
Unevictable:       46772 kB
Mlocked:           43700 kB
SwapTotal:       3145724 kB
SwapFree:        3145724 kB
Zswap:                 0 kB
Zswapped:              0 kB
Dirty:               780 kB
Writeback:             0 kB
AnonPages:        299272 kB
Mapped:           309600 kB
Shmem:             51688 kB
KReclaimable:     244672 kB
Slab:             336824 kB
SReclaimable:     244672 kB
SUnreclaim:        92152 kB
KernelStack:        3928 kB
PageTables:         5896 kB
SecPageTables:         0 kB
NFS_Unstable:          0 kB
Bounce:                0 kB
WritebackTmp:          0 kB
CommitLimit:    11335136 kB
Committed_AS:    1957220 kB
VmallocTotal:   34359738367 kB
VmallocUsed:       31972 kB
VmallocChunk:          0 kB
Percpu:             2048 kB
HardwareCorrupted:     0 kB
AnonHugePages:    131072 kB
ShmemHugePages:        0 kB
ShmemPmdMapped:        0 kB
FileHugePages:         0 kB
FilePmdMapped:         0 kB
Unaccepted:            0 kB
HugePages_Total:       0
HugePages_Free:        0
HugePages_Rsvd:        0
HugePages_Surp:        0
Hugepagesize:       2048 kB
Hugetlb:               0 kB
DirectMap4k:      103736 kB
DirectMap2M:     3041280 kB
DirectMap1G:    15728640 kB
