-- /proc/meminfo --
MemTotal:       16378824 kB
MemFree:         9781728 kB
MemAvailable:   14598016 kB
Buffers:          108764 kB
Cached:          4868192 kB
SwapCached:            0 kB
Active:           792352 kB
Inactive:        4489184 kB
Active(anon):     364756 kB
Inactive(anon):        0 kB
Active(file):     427596 kB
Inactive(file):  4489184 kB
Unevictable:       46772 kB
Mlocked:           43700 kB
SwapTotal:       3145724 kB
SwapFree:        3145724 kB
Zswap:                 0 kB
Zswapped:              0 kB
Dirty:               644 kB
Writeback:             0 kB
AnonPages:        348268 kB
Mapped:           323908 kB
Shmem:             51420 kB
KReclaimable:     245436 kB
Slab:             337484 kB
SReclaimable:     245436 kB
SUnreclaim:        92048 kB
KernelStack:        3948 kB
PageTables:         6292 kB
SecPageTables:         0 kB
NFS_Unstable:          0 kB
Bounce:                0 kB
WritebackTmp:          0 kB
CommitLimit:    11335136 kB
Committed_AS:    2021196 kB
VmallocTotal:   34359738367 kB
VmallocUsed:       32020 kB
VmallocChunk:          0 kB
Percpu:             2048 kB
HardwareCorrupted:     0 kB
AnonHugePages:    133120 kB
ShmemHugePages:        0 kB
ShmemPmdMapped:        0 kB
FileHugePages:         0 kB
FilePmdMapped:         0 kB
Unaccepted:            0 kB
HugePages_Total:       0
HugePages_Free:        0
HugePages_Rsvd:        0
HugePages_Surp:        0
Hugepagesize:       2048 kB
Hugetlb:               0 kB
DirectMap4k:      103736 kB
DirectMap2M:     3041280 kB
DirectMap1G:    15728640 kB
