-- /proc/meminfo --
MemTotal:       16378824 kB
MemFree:        10011444 kB
MemAvailable:   14811940 kB
Buffers:          109000 kB
Cached:          4853140 kB
SwapCached:            0 kB
Active:           743240 kB
Inactive:        4474264 kB
Active(anon):     315644 kB
Inactive(anon):        0 kB
Active(file):     427596 kB
Inactive(file):  4474264 kB
Unevictable:       46772 kB
Mlocked:           43700 kB
SwapTotal:       3145724 kB
SwapFree:        3145724 kB
Zswap:                 0 kB
Zswapped:              0 kB
Dirty:               704 kB
Writeback:             0 kB
AnonPages:        298960 kB
Mapped:           309112 kB
Shmem:             51524 kB
KReclaimable:     244564 kB
Slab:             336472 kB
SReclaimable:     244564 kB
SUnreclaim:        91908 kB
KernelStack:        3912 kB
PageTables:         5892 kB
SecPageTables:         0 kB
NFS_Unstable:          0 kB
Bounce:                0 kB
WritebackTmp:          0 kB
CommitLimit:    11335136 kB
Committed_AS:    1956844 kB
VmallocTotal:   34359738367 kB
VmallocUsed:       31956 kB
VmallocChunk:          0 kB
Percpu:             2048 kB
HardwareCorrupted:     0 kB
AnonHugePages:    131072 kB
ShmemHugePages:        0 kB
ShmemPmdMapped:        0 kB
FileHugePages:         0 kB
FilePmdMapped:         0 kB
Unaccepted:            0 kB
HugePages_Total:       0
HugePages_Free:        0
HugePages_Rsvd:        0
HugePages_Surp:        0
Hugepagesize:       2048 kB
Hugetlb:               0 kB
DirectMap4k:      103736 kB
DirectMap2M:     3041280 kB
DirectMap1G:    15728640 kB
