-- /proc/meminfo --
MemTotal:       16378824 kB
MemFree:         9938376 kB
MemAvailable:   14738568 kB
Buffers:          108836 kB
Cached:          4852504 kB
SwapCached:            0 kB
Active:           786176 kB
Inactive:        4473476 kB
Active(anon):     358580 kB
Inactive(anon):        0 kB
Active(file):     427596 kB
Inactive(file):  4473476 kB
Unevictable:       46772 kB
Mlocked:           43700 kB
SwapTotal:       3145724 kB
SwapFree:        3145724 kB
Zswap:                 0 kB
Zswapped:              0 kB
Dirty:               688 kB
Writeback:             0 kB
AnonPages:        341844 kB
Mapped:           320588 kB
Shmem:             51524 kB
KReclaimable:     245048 kB
Slab:             336940 kB
SReclaimable:     245048 kB
SUnreclaim:        91892 kB
KernelStack:        3996 kB
PageTables:         6064 kB
SecPageTables:         0 kB
NFS_Unstable:          0 kB
Bounce:                0 kB
WritebackTmp:          0 kB
CommitLimit:    11335136 kB
Committed_AS:    2007692 kB
VmallocTotal:   34359738367 kB
VmallocUsed:       31844 kB
VmallocChunk:          0 kB
Percpu:             2048 kB
HardwareCorrupted:     0 kB
AnonHugePages:    137216 kB
ShmemHugePages:        0 kB
ShmemPmdMapped:        0 kB
FileHugePages:         0 kB
FilePmdMapped:         0 kB
Unaccepted:            0 kB
HugePages_Total:       0
HugePages_Free:        0
HugePages_Rsvd:        0
HugePages_Surp:        0
Hugepagesize:       2048 kB
Hugetlb:               0 kB
DirectMap4k:      103736 kB
DirectMap2M:     3041280 kB
DirectMap1G:    15728640 kB
