-- /proc/meminfo --
MemTotal:       16378824 kB
MemFree:         9624624 kB
MemAvailable:   14425320 kB
Buffers:          108916 kB
Cached:          4852808 kB
SwapCached:            0 kB
Active:           991336 kB
Inactive:        4473848 kB
Active(anon):     563740 kB
Inactive(anon):        0 kB
Active(file):     427596 kB
Inactive(file):  4473848 kB
Unevictable:       46772 kB
Mlocked:           43700 kB
SwapTotal:       3145724 kB
SwapFree:        3145724 kB
Zswap:                 0 kB
Zswapped:              0 kB
Dirty:               664 kB
Writeback:             0 kB
AnonPages:        547040 kB
Mapped:           339824 kB
Shmem:             51524 kB
KReclaimable:     245180 kB
Slab:             337176 kB
SReclaimable:     245180 kB
SUnreclaim:        91996 kB
KernelStack:        4036 kB
PageTables:         6616 kB
SecPageTables:         0 kB
NFS_Unstable:          0 kB
Bounce:                0 kB
WritebackTmp:          0 kB
CommitLimit:    11335136 kB
Committed_AS:    2229104 kB
VmallocTotal:   34359738367 kB
VmallocUsed:       32084 kB
VmallocChunk:          0 kB
Percpu:             2048 kB
HardwareCorrupted:     0 kB
AnonHugePages:    180224 kB
ShmemHugePages:        0 kB
ShmemPmdMapped:        0 kB
FileHugePages:         0 kB
FilePmdMapped:         0 kB
Unaccepted:            0 kB
HugePages_Total:       0
HugePages_Free:        0
HugePages_Rsvd:        0
HugePages_Surp:        0
Hugepagesize:       2048 kB
Hugetlb:               0 kB
DirectMap4k:      103736 kB
DirectMap2M:     3041280 kB
DirectMap1G:    15728640 kB
