-- /proc/meminfo --
MemTotal:       16378824 kB
MemFree:        10097488 kB
MemAvailable:   14900076 kB
Buffers:          109296 kB
Cached:          4854620 kB
SwapCached:            0 kB
Active:           743840 kB
Inactive:        4475764 kB
Active(anon):     316244 kB
Inactive(anon):        0 kB
Active(file):     427596 kB
Inactive(file):  4475764 kB
Unevictable:       46772 kB
Mlocked:           43700 kB
SwapTotal:       3145724 kB
SwapFree:        3145724 kB
Zswap:                 0 kB
Zswapped:              0 kB
Dirty:               696 kB
Writeback:             0 kB
AnonPages:        298812 kB
Mapped:           309476 kB
Shmem:             51804 kB
KReclaimable:     245156 kB
Slab:             337048 kB
SReclaimable:     245156 kB
SUnreclaim:        91892 kB
KernelStack:        3932 kB
PageTables:         5900 kB
SecPageTables:         0 kB
NFS_Unstable:          0 kB
Bounce:                0 kB
WritebackTmp:          0 kB
CommitLimit:    11335136 kB
Committed_AS:    1957496 kB
VmallocTotal:   34359738367 kB
VmallocUsed:       31828 kB
VmallocChunk:          0 kB
Percpu:             2048 kB
HardwareCorrupted:     0 kB
AnonHugePages:    126976 kB
ShmemHugePages:        0 kB
ShmemPmdMapped:        0 kB
FileHugePages:         0 kB
FilePmdMapped:         0 kB
Unaccepted:            0 kB
HugePages_Total:       0
HugePages_Free:        0
HugePages_Rsvd:        0
HugePages_Surp:        0
Hugepagesize:       2048 kB
Hugetlb:               0 kB
DirectMap4k:      103736 kB
DirectMap2M:     3041280 kB
DirectMap1G:    15728640 kB
