-- /proc/meminfo --
MemTotal:       16378824 kB
MemFree:         9497428 kB
MemAvailable:   14313052 kB
Buffers:          108660 kB
Cached:          4867832 kB
SwapCached:            0 kB
Active:          1078064 kB
Inactive:        4488732 kB
Active(anon):     650468 kB
Inactive(anon):        0 kB
Active(file):     427596 kB
Inactive(file):  4488732 kB
Unevictable:       46772 kB
Mlocked:           43700 kB
SwapTotal:       3145724 kB
SwapFree:        3145724 kB
Zswap:                 0 kB
Zswapped:              0 kB
Dirty:               636 kB
Writeback:             0 kB
AnonPages:        634164 kB
Mapped:           339288 kB
Shmem:             51420 kB
KReclaimable:     245224 kB
Slab:             337208 kB
SReclaimable:     245224 kB
SUnreclaim:        91984 kB
KernelStack:        4036 kB
PageTables:         6656 kB
SecPageTables:         0 kB
NFS_Unstable:          0 kB
Bounce:                0 kB
WritebackTmp:          0 kB
CommitLimit:    11335136 kB
Committed_AS:    2311340 kB
VmallocTotal:   34359738367 kB
VmallocUsed:       31972 kB
VmallocChunk:          0 kB
Percpu:             2048 kB
HardwareCorrupted:     0 kB
AnonHugePages:    198656 kB
ShmemHugePages:        0 kB
ShmemPmdMapped:        0 kB
FileHugePages:         0 kB
FilePmdMapped:         0 kB
Unaccepted:            0 kB
HugePages_Total:       0
HugePages_Free:        0
HugePages_Rsvd:        0
HugePages_Surp:        0
Hugepagesize:       2048 kB
Hugetlb:               0 kB
DirectMap4k:      103736 kB
DirectMap2M:     3041280 kB
DirectMap1G:    15728640 kB
