-- /proc/meminfo --
MemTotal:       16378824 kB
MemFree:         9549720 kB
MemAvailable:   14332164 kB
Buffers:          108160 kB
Cached:          4836176 kB
SwapCached:            0 kB
Active:           732588 kB
Inactive:        4456728 kB
Active(anon):     304992 kB
Inactive(anon):        0 kB
Active(file):     427596 kB
Inactive(file):  4456728 kB
Unevictable:       46772 kB
Mlocked:           43700 kB
SwapTotal:       3145724 kB
SwapFree:        3145724 kB
Zswap:                 0 kB
Zswapped:              0 kB
Dirty:               728 kB
Writeback:             0 kB
AnonPages:        289716 kB
Mapped:           295388 kB
Shmem:             51260 kB
KReclaimable:     244048 kB
Slab:             336452 kB
SReclaimable:     244048 kB
SUnreclaim:        92404 kB
KernelStack:        3924 kB
PageTables:         5880 kB
SecPageTables:         0 kB
NFS_Unstable:          0 kB
Bounce:                0 kB
WritebackTmp:          0 kB
CommitLimit:    11335136 kB
Committed_AS:    2000956 kB
VmallocTotal:   34359738367 kB
VmallocUsed:       31908 kB
VmallocChunk:          0 kB
Percpu:             2048 kB
HardwareCorrupted:     0 kB
AnonHugePages:    129024 kB
ShmemHugePages:        0 kB
ShmemPmdMapped:        0 kB
FileHugePages:         0 kB
FilePmdMapped:         0 kB
Unaccepted:            0 kB
HugePages_Total:       0
HugePages_Free:        0
HugePages_Rsvd:        0
HugePages_Surp:        0
Hugepagesize:       2048 kB
Hugetlb:               0 kB
DirectMap4k:      103736 kB
DirectMap2M:     3041280 kB
DirectMap1G:    15728640 kB
