-- /proc/meminfo --
MemTotal:       16378824 kB
MemFree:        10013448 kB
MemAvailable:   14829572 kB
Buffers:          108736 kB
Cached:          4868108 kB
SwapCached:            0 kB
Active:           792504 kB
Inactive:        4489068 kB
Active(anon):     364908 kB
Inactive(anon):        0 kB
Active(file):     427596 kB
Inactive(file):  4489068 kB
Unevictable:       46772 kB
Mlocked:           43700 kB
SwapTotal:       3145724 kB
SwapFree:        3145724 kB
Zswap:                 0 kB
Zswapped:              0 kB
Dirty:               632 kB
Writeback:             4 kB
AnonPages:        348432 kB
Mapped:           326084 kB
Shmem:             51420 kB
KReclaimable:     245388 kB
Slab:             337304 kB
SReclaimable:     245388 kB
SUnreclaim:        91916 kB
KernelStack:        3988 kB
PageTables:         6112 kB
SecPageTables:         0 kB
NFS_Unstable:          0 kB
Bounce:                0 kB
WritebackTmp:          0 kB
CommitLimit:    11335136 kB
Committed_AS:    2022016 kB
VmallocTotal:   34359738367 kB
VmallocUsed:       32052 kB
VmallocChunk:          0 kB
Percpu:             2048 kB
HardwareCorrupted:     0 kB
AnonHugePages:    133120 kB
ShmemHugePages:        0 kB
ShmemPmdMapped:        0 kB
FileHugePages:         0 kB
FilePmdMapped:         0 kB
Unaccepted:            0 kB
HugePages_Total:       0
HugePages_Free:        0
HugePages_Rsvd:        0
HugePages_Surp:        0
Hugepagesize:       2048 kB
Hugetlb:               0 kB
DirectMap4k:      103736 kB
DirectMap2M:     3041280 kB
DirectMap1G:    15728640 kB
