-- /proc/meminfo --
MemTotal:       16378824 kB
MemFree:         9644660 kB
MemAvailable:   14460676 kB
Buffers:          108684 kB
Cached:          4867992 kB
SwapCached:            0 kB
Active:          1041832 kB
Inactive:        4488916 kB
Active(anon):     614236 kB
Inactive(anon):        0 kB
Active(file):     427596 kB
Inactive(file):  4488916 kB
Unevictable:       46772 kB
Mlocked:           43700 kB
SwapTotal:       3145724 kB
SwapFree:        3145724 kB
Zswap:                 0 kB
Zswapped:              0 kB
Dirty:               728 kB
Writeback:             0 kB
AnonPages:        597924 kB
Mapped:           339868 kB
Shmem:             51420 kB
KReclaimable:     245432 kB
Slab:             337456 kB
SReclaimable:     245432 kB
SUnreclaim:        92024 kB
KernelStack:        4048 kB
PageTables:         6812 kB
SecPageTables:         0 kB
NFS_Unstable:          0 kB
Bounce:                0 kB
WritebackTmp:          0 kB
CommitLimit:    11335136 kB
Committed_AS:    2277384 kB
VmallocTotal:   34359738367 kB
VmallocUsed:       31940 kB
VmallocChunk:          0 kB
Percpu:             2048 kB
HardwareCorrupted:     0 kB
AnonHugePages:    198656 kB
ShmemHugePages:        0 kB
ShmemPmdMapped:        0 kB
FileHugePages:         0 kB
FilePmdMapped:         0 kB
Unaccepted:            0 kB
HugePages_Total:       0
HugePages_Free:        0
HugePages_Rsvd:        0
HugePages_Surp:        0
Hugepagesize:       2048 kB
Hugetlb:               0 kB
DirectMap4k:      103736 kB
DirectMap2M:     3041280 kB
DirectMap1G:    15728640 kB
