-- /proc/meminfo --
MemTotal:       16378824 kB
MemFree:        10034600 kB
MemAvailable:   14835672 kB
Buffers:          108976 kB
Cached:          4853056 kB
SwapCached:            0 kB
Active:           743672 kB
Inactive:        4474164 kB
Active(anon):     316076 kB
Inactive(anon):        0 kB
Active(file):     427596 kB
Inactive(file):  4474164 kB
Unevictable:       46772 kB
Mlocked:           43700 kB
SwapTotal:       3145724 kB
SwapFree:        3145724 kB
Zswap:                 0 kB
Zswapped:              0 kB
Dirty:               592 kB
Writeback:             0 kB
AnonPages:        299224 kB
Mapped:           309032 kB
Shmem:             51524 kB
KReclaimable:     245240 kB
Slab:             337076 kB
SReclaimable:     245240 kB
SUnreclaim:        91836 kB
KernelStack:        3916 kB
PageTables:         5888 kB
SecPageTables:         0 kB
NFS_Unstable:          0 kB
Bounce:                0 kB
WritebackTmp:          0 kB
CommitLimit:    11335136 kB
Committed_AS:    1956892 kB
VmallocTotal:   34359738367 kB
VmallocUsed:       31796 kB
VmallocChunk:          0 kB
Percpu:             2048 kB
HardwareCorrupted:     0 kB
AnonHugePages:    131072 kB
ShmemHugePages:        0 kB
ShmemPmdMapped:        0 kB
FileHugePages:         0 kB
FilePmdMapped:         0 kB
Unaccepted:            0 kB
HugePages_Total:       0
HugePages_Free:        0
HugePages_Rsvd:        0
HugePages_Surp:        0
Hugepagesize:       2048 kB
Hugetlb:               0 kB
DirectMap4k:      103736 kB
DirectMap2M:     3041280 kB
DirectMap1G:    15728640 kB
