-- /proc/meminfo --
MemTotal:       16378824 kB
MemFree:         9926308 kB
MemAvailable:   14726548 kB
Buffers:          108936 kB
Cached:          4852332 kB
SwapCached:            0 kB
Active:           779988 kB
Inactive:        4473396 kB
Active(anon):     352392 kB
Inactive(anon):        0 kB
Active(file):     427596 kB
Inactive(file):  4473396 kB
Unevictable:       46772 kB
Mlocked:           43700 kB
SwapTotal:       3145724 kB
SwapFree:        3145724 kB
Zswap:                 0 kB
Zswapped:              0 kB
Dirty:               688 kB
Writeback:             0 kB
AnonPages:        335680 kB
Mapped:           320860 kB
Shmem:             51524 kB
KReclaimable:     245176 kB
Slab:             337084 kB
SReclaimable:     245176 kB
SUnreclaim:        91908 kB
KernelStack:        3996 kB
PageTables:         6060 kB
SecPageTables:         0 kB
NFS_Unstable:          0 kB
Bounce:                0 kB
WritebackTmp:          0 kB
CommitLimit:    11335136 kB
Committed_AS:    2008052 kB
VmallocTotal:   34359738367 kB
VmallocUsed:       31860 kB
VmallocChunk:          0 kB
Percpu:             2048 kB
HardwareCorrupted:     0 kB
AnonHugePages:    131072 kB
ShmemHugePages:        0 kB
ShmemPmdMapped:        0 kB
FileHugePages:         0 kB
FilePmdMapped:         0 kB
Unaccepted:            0 kB
HugePages_Total:       0
HugePages_Free:        0
HugePages_Rsvd:        0
HugePages_Surp:        0
Hugepagesize:       2048 kB
Hugetlb:               0 kB
DirectMap4k:      103736 kB
DirectMap2M:     3041280 kB
DirectMap1G:    15728640 kB
