-- /proc/meminfo --
MemTotal:       16378824 kB
MemFree:         9971296 kB
MemAvailable:   14772460 kB
Buffers:          109108 kB
Cached:          4853704 kB
SwapCached:            0 kB
Active:           728932 kB
Inactive:        4474784 kB
Active(anon):     301336 kB
Inactive(anon):        0 kB
Active(file):     427596 kB
Inactive(file):  4474784 kB
Unevictable:       46772 kB
Mlocked:           43700 kB
SwapTotal:       3145724 kB
SwapFree:        3145724 kB
Zswap:                 0 kB
Zswapped:              0 kB
Dirty:               748 kB
Writeback:             0 kB
AnonPages:        284292 kB
Mapped:           291308 kB
Shmem:             51688 kB
KReclaimable:     244712 kB
Slab:             336836 kB
SReclaimable:     244712 kB
SUnreclaim:        92124 kB
KernelStack:        3752 kB
PageTables:         5708 kB
SecPageTables:         0 kB
NFS_Unstable:          0 kB
Bounce:                0 kB
WritebackTmp:          0 kB
CommitLimit:    11335136 kB
Committed_AS:    1934124 kB
VmallocTotal:   34359738367 kB
VmallocUsed:       31700 kB
VmallocChunk:          0 kB
Percpu:             2048 kB
HardwareCorrupted:     0 kB
AnonHugePages:    131072 kB
ShmemHugePages:        0 kB
ShmemPmdMapped:        0 kB
FileHugePages:         0 kB
FilePmdMapped:         0 kB
Unaccepted:            0 kB
HugePages_Total:       0
HugePages_Free:        0
HugePages_Rsvd:        0
HugePages_Surp:        0
Hugepagesize:       2048 kB
Hugetlb:               0 kB
DirectMap4k:      103736 kB
DirectMap2M:     3041280 kB
DirectMap1G:    15728640 kB
