-- /proc/meminfo --
MemTotal:       16378824 kB
MemFree:         9744608 kB
MemAvailable:   14546128 kB
Buffers:          109156 kB
Cached:          4853884 kB
SwapCached:            0 kB
Active:           743876 kB
Inactive:        4475008 kB
Active(anon):     316280 kB
Inactive(anon):        0 kB
Active(file):     427596 kB
Inactive(file):  4475008 kB
Unevictable:       46772 kB
Mlocked:           43700 kB
SwapTotal:       3145724 kB
SwapFree:        3145724 kB
Zswap:                 0 kB
Zswapped:              0 kB
Dirty:               828 kB
Writeback:             0 kB
AnonPages:        299108 kB
Mapped:           309576 kB
Shmem:             51692 kB
KReclaimable:     244844 kB
Slab:             336944 kB
SReclaimable:     244844 kB
SUnreclaim:        92100 kB
KernelStack:        3948 kB
PageTables:         5888 kB
SecPageTables:         0 kB
NFS_Unstable:          0 kB
Bounce:                0 kB
WritebackTmp:          0 kB
CommitLimit:    11335136 kB
Committed_AS:    1957116 kB
VmallocTotal:   34359738367 kB
VmallocUsed:       31940 kB
VmallocChunk:          0 kB
Percpu:             2048 kB
HardwareCorrupted:     0 kB
AnonHugePages:    131072 kB
ShmemHugePages:        0 kB
ShmemPmdMapped:        0 kB
FileHugePages:         0 kB
FilePmdMapped:         0 kB
Unaccepted:            0 kB
HugePages_Total:       0
HugePages_Free:        0
HugePages_Rsvd:        0
HugePages_Surp:        0
Hugepagesize:       2048 kB
Hugetlb:               0 kB
DirectMap4k:      103736 kB
DirectMap2M:     3041280 kB
DirectMap1G:    15728640 kB
