-- /proc/meminfo --
MemTotal:       16378824 kB
MemFree:         9758948 kB
MemAvailable:   14560284 kB
Buffers:          109128 kB
Cached:          4853796 kB
SwapCached:            0 kB
Active:           728724 kB
Inactive:        4474880 kB
Active(anon):     301128 kB
Inactive(anon):        0 kB
Active(file):     427596 kB
Inactive(file):  4474880 kB
Unevictable:       46772 kB
Mlocked:           43700 kB
SwapTotal:       3145724 kB
SwapFree:        3145724 kB
Zswap:                 0 kB
Zswapped:              0 kB
Dirty:               804 kB
Writeback:             0 kB
AnonPages:        284184 kB
Mapped:           291632 kB
Shmem:             51692 kB
KReclaimable:     244788 kB
Slab:             336916 kB
SReclaimable:     244788 kB
SUnreclaim:        92128 kB
KernelStack:        3832 kB
PageTables:         5904 kB
SecPageTables:         0 kB
NFS_Unstable:          0 kB
Bounce:                0 kB
WritebackTmp:          0 kB
CommitLimit:    11335136 kB
Committed_AS:    1934116 kB
VmallocTotal:   34359738367 kB
VmallocUsed:       31860 kB
VmallocChunk:          0 kB
Percpu:             2048 kB
HardwareCorrupted:     0 kB
AnonHugePages:    131072 kB
ShmemHugePages:        0 kB
ShmemPmdMapped:        0 kB
FileHugePages:         0 kB
FilePmdMapped:         0 kB
Unaccepted:            0 kB
HugePages_Total:       0
HugePages_Free:        0
HugePages_Rsvd:        0
HugePages_Surp:        0
Hugepagesize:       2048 kB
Hugetlb:               0 kB
DirectMap4k:      103736 kB
DirectMap2M:     3041280 kB
DirectMap1G:    15728640 kB
