-- /proc/meminfo --
MemTotal:       16378824 kB
MemFree:         9891304 kB
MemAvailable:   14693248 kB
Buffers:          109216 kB
Cached:          4854212 kB
SwapCached:            0 kB
Active:           744836 kB
Inactive:        4475320 kB
Active(anon):     317240 kB
Inactive(anon):        0 kB
Active(file):     427596 kB
Inactive(file):  4475320 kB
Unevictable:       46772 kB
Mlocked:           43700 kB
SwapTotal:       3145724 kB
SwapFree:        3145724 kB
Zswap:                 0 kB
Zswapped:              0 kB
Dirty:               844 kB
Writeback:             0 kB
AnonPages:        300276 kB
Mapped:           309396 kB
Shmem:             51760 kB
KReclaimable:     244956 kB
Slab:             337068 kB
SReclaimable:     244956 kB
SUnreclaim:        92112 kB
KernelStack:        3968 kB
PageTables:         5896 kB
SecPageTables:         0 kB
NFS_Unstable:          0 kB
Bounce:                0 kB
WritebackTmp:          0 kB
CommitLimit:    11335136 kB
Committed_AS:    1957196 kB
VmallocTotal:   34359738367 kB
VmallocUsed:       31908 kB
VmallocChunk:          0 kB
Percpu:             2048 kB
HardwareCorrupted:     0 kB
AnonHugePages:    131072 kB
ShmemHugePages:        0 kB
ShmemPmdMapped:        0 kB
FileHugePages:         0 kB
FilePmdMapped:         0 kB
Unaccepted:            0 kB
HugePages_Total:       0
HugePages_Free:        0
HugePages_Rsvd:        0
HugePages_Surp:        0
Hugepagesize:       2048 kB
Hugetlb:               0 kB
DirectMap4k:      103736 kB
DirectMap2M:     3041280 kB
DirectMap1G:    15728640 kB
