-- /proc/meminfo --
MemTotal:       16378824 kB
MemFree:        10206196 kB
MemAvailable:   15026560 kB
Buffers:          109800 kB
Cached:          4871172 kB
SwapCached:            0 kB
Active:           728180 kB
Inactive:        4492788 kB
Active(anon):     300584 kB
Inactive(anon):        0 kB
Active(file):     427596 kB
Inactive(file):  4492788 kB
Unevictable:       46772 kB
Mlocked:           43700 kB
SwapTotal:       3145724 kB
SwapFree:        3145724 kB
Zswap:                 0 kB
Zswapped:              0 kB
Dirty:               824 kB
Writeback:             0 kB
AnonPages:        283216 kB
Mapped:           291456 kB
Shmem:             51832 kB
KReclaimable:     245908 kB
Slab:             337692 kB
SReclaimable:     245908 kB
SUnreclaim:        91784 kB
KernelStack:        3920 kB
PageTables:         5616 kB
SecPageTables:         0 kB
NFS_Unstable:          0 kB
Bounce:                0 kB
WritebackTmp:          0 kB
CommitLimit:    11335136 kB
Committed_AS:    1932852 kB
VmallocTotal:   34359738367 kB
VmallocUsed:       31844 kB
VmallocChunk:          0 kB
Percpu:             2048 kB
HardwareCorrupted:     0 kB
AnonHugePages:    126976 kB
ShmemHugePages:        0 kB
ShmemPmdMapped:        0 kB
FileHugePages:         0 kB
FilePmdMapped:         0 kB
Unaccepted:            0 kB
HugePages_Total:       0
HugePages_Free:        0
HugePages_Rsvd:        0
HugePages_Surp:        0
Hugepagesize:       2048 kB
Hugetlb:               0 kB
DirectMap4k:      103736 kB
DirectMap2M:     3041280 kB
DirectMap1G:    15728640 kB
