-- /proc/meminfo --
MemTotal:       16378824 kB
MemFree:         9967420 kB
MemAvailable:   14749804 kB
Buffers:          108180 kB
Cached:          4836144 kB
SwapCached:            0 kB
Active:           731440 kB
Inactive:        4456708 kB
Active(anon):     303844 kB
Inactive(anon):        0 kB
Active(file):     427596 kB
Inactive(file):  4456708 kB
Unevictable:       46772 kB
Mlocked:           43700 kB
SwapTotal:       3145724 kB
SwapFree:        3145724 kB
Zswap:                 0 kB
Zswapped:              0 kB
Dirty:               756 kB
Writeback:             0 kB
AnonPages:        288260 kB
Mapped:           295464 kB
Shmem:             51264 kB
KReclaimable:     244008 kB
Slab:             336316 kB
SReclaimable:     244008 kB
SUnreclaim:        92308 kB
KernelStack:        3964 kB
PageTables:         5876 kB
SecPageTables:         0 kB
NFS_Unstable:          0 kB
Bounce:                0 kB
WritebackTmp:          0 kB
CommitLimit:    11335136 kB
Committed_AS:    2000984 kB
VmallocTotal:   34359738367 kB
VmallocUsed:       31956 kB
VmallocChunk:          0 kB
Percpu:             2048 kB
HardwareCorrupted:     0 kB
AnonHugePages:    129024 kB
ShmemHugePages:        0 kB
ShmemPmdMapped:        0 kB
FileHugePages:         0 kB
FilePmdMapped:         0 kB
Unaccepted:            0 kB
HugePages_Total:       0
HugePages_Free:        0
HugePages_Rsvd:        0
HugePages_Surp:        0
Hugepagesize:       2048 kB
Hugetlb:               0 kB
DirectMap4k:      103736 kB
DirectMap2M:     3041280 kB
DirectMap1G:    15728640 kB
