-- /proc/meminfo --
MemTotal:       16378824 kB
MemFree:         9187796 kB
MemAvailable:   14092308 kB
Buffers:          108468 kB
Cached:          4955760 kB
SwapCached:            0 kB
Active:          1486704 kB
Inactive:        4576536 kB
Active(anon):    1059108 kB
Inactive(anon):        0 kB
Active(file):     427596 kB
Inactive(file):  4576536 kB
Unevictable:       46772 kB
Mlocked:           43700 kB
SwapTotal:       3145724 kB
SwapFree:        3145724 kB
Zswap:                 0 kB
Zswapped:              0 kB
Dirty:             89820 kB
Writeback:             0 kB
AnonPages:       1043436 kB
Mapped:           421948 kB
Shmem:             51340 kB
KReclaimable:     246308 kB
Slab:             338612 kB
SReclaimable:     246308 kB
SUnreclaim:        92304 kB
KernelStack:        4404 kB
PageTables:         8260 kB
SecPageTables:         0 kB
NFS_Unstable:          0 kB
Bounce:                0 kB
WritebackTmp:          0 kB
CommitLimit:    11335136 kB
Committed_AS:    2823988 kB
VmallocTotal:   34359738367 kB
VmallocUsed:       32340 kB
VmallocChunk:          0 kB
Percpu:             2048 kB
HardwareCorrupted:     0 kB
AnonHugePages:    243712 kB
ShmemHugePages:        0 kB
ShmemPmdMapped:        0 kB
FileHugePages:         0 kB
FilePmdMapped:         0 kB
Unaccepted:            0 kB
HugePages_Total:       0
HugePages_Free:        0
HugePages_Rsvd:        0
HugePages_Surp:        0
Hugepagesize:       2048 kB
Hugetlb:               0 kB
DirectMap4k:      103736 kB
DirectMap2M:     3041280 kB
DirectMap1G:    15728640 kB
