-- /proc/meminfo --
MemTotal:       16378824 kB
MemFree:         9825700 kB
MemAvailable:   14624240 kB
Buffers:          108552 kB
Cached:          4851316 kB
SwapCached:            0 kB
Active:           727484 kB
Inactive:        4472168 kB
Active(anon):     299888 kB
Inactive(anon):        0 kB
Active(file):     427596 kB
Inactive(file):  4472168 kB
Unevictable:       46772 kB
Mlocked:           43700 kB
SwapTotal:       3145724 kB
SwapFree:        3145724 kB
Zswap:                 0 kB
Zswapped:              0 kB
Dirty:               576 kB
Writeback:             0 kB
AnonPages:        283836 kB
Mapped:           291140 kB
Shmem:             51352 kB
KReclaimable:     244704 kB
Slab:             336708 kB
SReclaimable:     244704 kB
SUnreclaim:        92004 kB
KernelStack:        3864 kB
PageTables:         5792 kB
SecPageTables:         0 kB
NFS_Unstable:          0 kB
Bounce:                0 kB
WritebackTmp:          0 kB
CommitLimit:    11335136 kB
Committed_AS:    1931860 kB
VmallocTotal:   34359738367 kB
VmallocUsed:       31732 kB
VmallocChunk:          0 kB
Percpu:             2048 kB
HardwareCorrupted:     0 kB
AnonHugePages:    133120 kB
ShmemHugePages:        0 kB
ShmemPmdMapped:        0 kB
FileHugePages:         0 kB
FilePmdMapped:         0 kB
Unaccepted:            0 kB
HugePages_Total:       0
HugePages_Free:        0
HugePages_Rsvd:        0
HugePages_Surp:        0
Hugepagesize:       2048 kB
Hugetlb:               0 kB
DirectMap4k:      103736 kB
DirectMap2M:     3041280 kB
DirectMap1G:    15728640 kB
