-- /proc/meminfo --
MemTotal:       16378824 kB
MemFree:         9052008 kB
MemAvailable:   13971392 kB
Buffers:          108268 kB
Cached:          4970676 kB
SwapCached:            0 kB
Active:          1539636 kB
Inactive:        4591288 kB
Active(anon):    1112040 kB
Inactive(anon):        0 kB
Active(file):     427596 kB
Inactive(file):  4591288 kB
Unevictable:       46772 kB
Mlocked:           43700 kB
SwapTotal:       3145724 kB
SwapFree:        3145724 kB
Zswap:                 0 kB
Zswapped:              0 kB
Dirty:            134976 kB
Writeback:             0 kB
AnonPages:       1096160 kB
Mapped:           433932 kB
Shmem:             51304 kB
KReclaimable:     246428 kB
Slab:             338824 kB
SReclaimable:     246428 kB
SUnreclaim:        92396 kB
KernelStack:        4424 kB
PageTables:         8472 kB
SecPageTables:         0 kB
NFS_Unstable:          0 kB
Bounce:                0 kB
WritebackTmp:          0 kB
CommitLimit:    11335136 kB
Committed_AS:    2880840 kB
VmallocTotal:   34359738367 kB
VmallocUsed:       32468 kB
VmallocChunk:          0 kB
Percpu:             2048 kB
HardwareCorrupted:     0 kB
AnonHugePages:    227328 kB
ShmemHugePages:        0 kB
ShmemPmdMapped:        0 kB
FileHugePages:         0 kB
FilePmdMapped:         0 kB
Unaccepted:            0 kB
HugePages_Total:       0
HugePages_Free:        0
HugePages_Rsvd:        0
HugePages_Surp:        0
Hugepagesize:       2048 kB
Hugetlb:               0 kB
DirectMap4k:      103736 kB
DirectMap2M:     3041280 kB
DirectMap1G:    15728640 kB
