-- /proc/meminfo --
MemTotal:       16378824 kB
MemFree:         9605124 kB
MemAvailable:   14400976 kB
Buffers:          108260 kB
Cached:          4849548 kB
SwapCached:            0 kB
Active:           787384 kB
Inactive:        4470188 kB
Active(anon):     359788 kB
Inactive(anon):        0 kB
Active(file):     427596 kB
Inactive(file):  4470188 kB
Unevictable:       46772 kB
Mlocked:           43700 kB
SwapTotal:       3145724 kB
SwapFree:        3145724 kB
Zswap:                 0 kB
Zswapped:              0 kB
Dirty:             13908 kB
Writeback:             4 kB
AnonPages:        344208 kB
Mapped:           321236 kB
Shmem:             51280 kB
KReclaimable:     243996 kB
Slab:             335964 kB
SReclaimable:     243996 kB
SUnreclaim:        91968 kB
KernelStack:        4000 kB
PageTables:         6316 kB
SecPageTables:         0 kB
NFS_Unstable:          0 kB
Bounce:                0 kB
WritebackTmp:          0 kB
CommitLimit:    11335136 kB
Committed_AS:    2012212 kB
VmallocTotal:   34359738367 kB
VmallocUsed:       31908 kB
VmallocChunk:          0 kB
Percpu:             2048 kB
HardwareCorrupted:     0 kB
AnonHugePages:    131072 kB
ShmemHugePages:        0 kB
ShmemPmdMapped:        0 kB
FileHugePages:         0 kB
FilePmdMapped:         0 kB
Unaccepted:            0 kB
HugePages_Total:       0
HugePages_Free:        0
HugePages_Rsvd:        0
HugePages_Surp:        0
Hugepagesize:       2048 kB
Hugetlb:               0 kB
DirectMap4k:      103736 kB
DirectMap2M:     3041280 kB
DirectMap1G:    15728640 kB
