-- /proc/meminfo --
MemTotal:       16378824 kB
MemFree:         9241096 kB
MemAvailable:   14178372 kB
Buffers:          108420 kB
Cached:          4986888 kB
SwapCached:            0 kB
Active:          1546848 kB
Inactive:        4607640 kB
Active(anon):    1119252 kB
Inactive(anon):        0 kB
Active(file):     427596 kB
Inactive(file):  4607640 kB
Unevictable:       46772 kB
Mlocked:           43700 kB
SwapTotal:       3145724 kB
SwapFree:        3145724 kB
Zswap:                 0 kB
Zswapped:              0 kB
Dirty:            121312 kB
Writeback:             0 kB
AnonPages:       1105772 kB
Mapped:           431080 kB
Shmem:             51328 kB
KReclaimable:     247968 kB
Slab:             340432 kB
SReclaimable:     247968 kB
SUnreclaim:        92464 kB
KernelStack:        4340 kB
PageTables:         8432 kB
SecPageTables:         0 kB
NFS_Unstable:          0 kB
Bounce:                0 kB
WritebackTmp:          0 kB
CommitLimit:    11335136 kB
Committed_AS:    2884408 kB
VmallocTotal:   34359738367 kB
VmallocUsed:       32420 kB
VmallocChunk:          0 kB
Percpu:             2048 kB
HardwareCorrupted:     0 kB
AnonHugePages:    251904 kB
ShmemHugePages:        0 kB
ShmemPmdMapped:        0 kB
FileHugePages:         0 kB
FilePmdMapped:         0 kB
Unaccepted:            0 kB
HugePages_Total:       0
HugePages_Free:        0
HugePages_Rsvd:        0
HugePages_Surp:        0
Hugepagesize:       2048 kB
Hugetlb:               0 kB
DirectMap4k:      103736 kB
DirectMap2M:     3041280 kB
DirectMap1G:    15728640 kB
