-- /proc/meminfo --
MemTotal:       16378824 kB
MemFree:         9444612 kB
MemAvailable:   14334104 kB
Buffers:          108488 kB
Cached:          4940220 kB
SwapCached:            0 kB
Active:          1367476 kB
Inactive:        4561020 kB
Active(anon):     939880 kB
Inactive(anon):        0 kB
Active(file):     427596 kB
Inactive(file):  4561020 kB
Unevictable:       46772 kB
Mlocked:           43700 kB
SwapTotal:       3145724 kB
SwapFree:        3145724 kB
Zswap:                 0 kB
Zswapped:              0 kB
Dirty:             90032 kB
Writeback:             0 kB
AnonPages:        923672 kB
Mapped:           421808 kB
Shmem:             51340 kB
KReclaimable:     246804 kB
Slab:             339096 kB
SReclaimable:     246804 kB
SUnreclaim:        92292 kB
KernelStack:        4496 kB
PageTables:         7976 kB
SecPageTables:         0 kB
NFS_Unstable:          0 kB
Bounce:                0 kB
WritebackTmp:          0 kB
CommitLimit:    11335136 kB
Committed_AS:    2702812 kB
VmallocTotal:   34359738367 kB
VmallocUsed:       32420 kB
VmallocChunk:          0 kB
Percpu:             2048 kB
HardwareCorrupted:     0 kB
AnonHugePages:    235520 kB
ShmemHugePages:        0 kB
ShmemPmdMapped:        0 kB
FileHugePages:         0 kB
FilePmdMapped:         0 kB
Unaccepted:            0 kB
HugePages_Total:       0
HugePages_Free:        0
HugePages_Rsvd:        0
HugePages_Surp:        0
Hugepagesize:       2048 kB
Hugetlb:               0 kB
DirectMap4k:      103736 kB
DirectMap2M:     3041280 kB
DirectMap1G:    15728640 kB
