-- /proc/meminfo --
MemTotal:       16378824 kB
MemFree:         9799224 kB
MemAvailable:   14596136 kB
Buffers:          108368 kB
Cached:          4850280 kB
SwapCached:            0 kB
Active:           726664 kB
Inactive:        4470980 kB
Active(anon):     299068 kB
Inactive(anon):        0 kB
Active(file):     427596 kB
Inactive(file):  4470980 kB
Unevictable:       46772 kB
Mlocked:           43700 kB
SwapTotal:       3145724 kB
SwapFree:        3145724 kB
Zswap:                 0 kB
Zswapped:              0 kB
Dirty:               648 kB
Writeback:             0 kB
AnonPages:        285456 kB
Mapped:           291040 kB
Shmem:             51328 kB
KReclaimable:     244264 kB
Slab:             336432 kB
SReclaimable:     244264 kB
SUnreclaim:        92168 kB
KernelStack:        3860 kB
PageTables:         5704 kB
SecPageTables:         0 kB
NFS_Unstable:          0 kB
Bounce:                0 kB
WritebackTmp:          0 kB
CommitLimit:    11335136 kB
Committed_AS:    1931772 kB
VmallocTotal:   34359738367 kB
VmallocUsed:       31860 kB
VmallocChunk:          0 kB
Percpu:             2048 kB
HardwareCorrupted:     0 kB
AnonHugePages:    141312 kB
ShmemHugePages:        0 kB
ShmemPmdMapped:        0 kB
FileHugePages:         0 kB
FilePmdMapped:         0 kB
Unaccepted:            0 kB
HugePages_Total:       0
HugePages_Free:        0
HugePages_Rsvd:        0
HugePages_Surp:        0
Hugepagesize:       2048 kB
Hugetlb:               0 kB
DirectMap4k:      103736 kB
DirectMap2M:     3041280 kB
DirectMap1G:    15728640 kB
