-- /proc/meminfo --
MemTotal:       16378824 kB
MemFree:        10005988 kB
MemAvailable:   14802208 kB
Buffers:          108312 kB
Cached:          4849808 kB
SwapCached:            0 kB
Active:           876152 kB
Inactive:        4470464 kB
Active(anon):     448556 kB
Inactive(anon):        0 kB
Active(file):     427596 kB
Inactive(file):  4470464 kB
Unevictable:       46772 kB
Mlocked:           43700 kB
SwapTotal:       3145724 kB
SwapFree:        3145724 kB
Zswap:                 0 kB
Zswapped:              0 kB
Dirty:             13948 kB
Writeback:             0 kB
AnonPages:        432916 kB
Mapped:           337032 kB
Shmem:             51304 kB
KReclaimable:     244088 kB
Slab:             336044 kB
SReclaimable:     244088 kB
SUnreclaim:        91956 kB
KernelStack:        4040 kB
PageTables:         6208 kB
SecPageTables:         0 kB
NFS_Unstable:          0 kB
Bounce:                0 kB
WritebackTmp:          0 kB
CommitLimit:    11335136 kB
Committed_AS:    2113852 kB
VmallocTotal:   34359738367 kB
VmallocUsed:       31956 kB
VmallocChunk:          0 kB
Percpu:             2048 kB
HardwareCorrupted:     0 kB
AnonHugePages:    169984 kB
ShmemHugePages:        0 kB
ShmemPmdMapped:        0 kB
FileHugePages:         0 kB
FilePmdMapped:         0 kB
Unaccepted:            0 kB
HugePages_Total:       0
HugePages_Free:        0
HugePages_Rsvd:        0
HugePages_Surp:        0
Hugepagesize:       2048 kB
Hugetlb:               0 kB
DirectMap4k:      103736 kB
DirectMap2M:     3041280 kB
DirectMap1G:    15728640 kB
