-- /proc/meminfo --
MemTotal:       16378824 kB
MemFree:         9660136 kB
MemAvailable:   14442908 kB
Buffers:          108208 kB
Cached:          4836280 kB
SwapCached:            0 kB
Active:           728472 kB
Inactive:        4456876 kB
Active(anon):     300876 kB
Inactive(anon):        0 kB
Active(file):     427596 kB
Inactive(file):  4456876 kB
Unevictable:       46772 kB
Mlocked:           43700 kB
SwapTotal:       3145724 kB
SwapFree:        3145724 kB
Zswap:                 0 kB
Zswapped:              0 kB
Dirty:               932 kB
Writeback:             0 kB
AnonPages:        285124 kB
Mapped:           290892 kB
Shmem:             51260 kB
KReclaimable:     244228 kB
Slab:             336280 kB
SReclaimable:     244228 kB
SUnreclaim:        92052 kB
KernelStack:        3900 kB
PageTables:         5696 kB
SecPageTables:         0 kB
NFS_Unstable:          0 kB
Bounce:                0 kB
WritebackTmp:          0 kB
CommitLimit:    11335136 kB
Committed_AS:    1931576 kB
VmallocTotal:   34359738367 kB
VmallocUsed:       31876 kB
VmallocChunk:          0 kB
Percpu:             2048 kB
HardwareCorrupted:     0 kB
AnonHugePages:    129024 kB
ShmemHugePages:        0 kB
ShmemPmdMapped:        0 kB
FileHugePages:         0 kB
FilePmdMapped:         0 kB
Unaccepted:            0 kB
HugePages_Total:       0
HugePages_Free:        0
HugePages_Rsvd:        0
HugePages_Surp:        0
Hugepagesize:       2048 kB
Hugetlb:               0 kB
DirectMap4k:      103736 kB
DirectMap2M:     3041280 kB
DirectMap1G:    15728640 kB
