-- /proc/meminfo --
MemTotal:       16378824 kB
MemFree:         9613224 kB
MemAvailable:   14501996 kB
Buffers:          108436 kB
Cached:          4939656 kB
SwapCached:            0 kB
Active:          1276056 kB
Inactive:        4560416 kB
Active(anon):     848460 kB
Inactive(anon):        0 kB
Active(file):     427596 kB
Inactive(file):  4560416 kB
Unevictable:       46772 kB
Mlocked:           43700 kB
SwapTotal:       3145724 kB
SwapFree:        3145724 kB
Zswap:                 0 kB
Zswapped:              0 kB
Dirty:             89800 kB
Writeback:             0 kB
AnonPages:        834648 kB
Mapped:           421084 kB
Shmem:             51328 kB
KReclaimable:     246688 kB
Slab:             339040 kB
SReclaimable:     246688 kB
SUnreclaim:        92352 kB
KernelStack:        4508 kB
PageTables:         7716 kB
SecPageTables:         0 kB
NFS_Unstable:          0 kB
Bounce:                0 kB
WritebackTmp:          0 kB
CommitLimit:    11335136 kB
Committed_AS:    2592248 kB
VmallocTotal:   34359738367 kB
VmallocUsed:       32468 kB
VmallocChunk:          0 kB
Percpu:             2048 kB
HardwareCorrupted:     0 kB
AnonHugePages:    225280 kB
ShmemHugePages:        0 kB
ShmemPmdMapped:        0 kB
FileHugePages:         0 kB
FilePmdMapped:         0 kB
Unaccepted:            0 kB
HugePages_Total:       0
HugePages_Free:        0
HugePages_Rsvd:        0
HugePages_Surp:        0
Hugepagesize:       2048 kB
Hugetlb:               0 kB
DirectMap4k:      103736 kB
DirectMap2M:     3041280 kB
DirectMap1G:    15728640 kB
