-- /proc/meminfo --
MemTotal:       16378824 kB
MemFree:         9748832 kB
MemAvailable:   14544724 kB
Buffers:          108244 kB
Cached:          4849460 kB
SwapCached:            0 kB
Active:           792228 kB
Inactive:        4470076 kB
Active(anon):     364632 kB
Inactive(anon):        0 kB
Active(file):     427596 kB
Inactive(file):  4470076 kB
Unevictable:       46772 kB
Mlocked:           43700 kB
SwapTotal:       3145724 kB
SwapFree:        3145724 kB
Zswap:                 0 kB
Zswapped:              0 kB
Dirty:             14064 kB
Writeback:             0 kB
AnonPages:        348916 kB
Mapped:           324700 kB
Shmem:             51280 kB
KReclaimable:     244148 kB
Slab:             336112 kB
SReclaimable:     244148 kB
SUnreclaim:        91964 kB
KernelStack:        4064 kB
PageTables:         6344 kB
SecPageTables:         0 kB
NFS_Unstable:          0 kB
Bounce:                0 kB
WritebackTmp:          0 kB
CommitLimit:    11335136 kB
Committed_AS:    2018512 kB
VmallocTotal:   34359738367 kB
VmallocUsed:       31940 kB
VmallocChunk:          0 kB
Percpu:             2048 kB
HardwareCorrupted:     0 kB
AnonHugePages:    129024 kB
ShmemHugePages:        0 kB
ShmemPmdMapped:        0 kB
FileHugePages:         0 kB
FilePmdMapped:         0 kB
Unaccepted:            0 kB
HugePages_Total:       0
HugePages_Free:        0
HugePages_Rsvd:        0
HugePages_Surp:        0
Hugepagesize:       2048 kB
Hugetlb:               0 kB
DirectMap4k:      103736 kB
DirectMap2M:     3041280 kB
DirectMap1G:    15728640 kB
