-- /proc/meminfo --
MemTotal:       16378824 kB
MemFree:         9937016 kB
MemAvailable:   14734064 kB
Buffers:          108344 kB
Cached:          4850260 kB
SwapCached:            0 kB
Active:           725948 kB
Inactive:        4470944 kB
Active(anon):     298352 kB
Inactive(anon):        0 kB
Active(file):     427596 kB
Inactive(file):  4470944 kB
Unevictable:       46772 kB
Mlocked:           43700 kB
SwapTotal:       3145724 kB
SwapFree:        3145724 kB
Zswap:                 0 kB
Zswapped:              0 kB
Dirty:               680 kB
Writeback:             0 kB
AnonPages:        284632 kB
Mapped:           291080 kB
Shmem:             51308 kB
KReclaimable:     244436 kB
Slab:             336672 kB
SReclaimable:     244436 kB
SUnreclaim:        92236 kB
KernelStack:        3876 kB
PageTables:         5764 kB
SecPageTables:         0 kB
NFS_Unstable:          0 kB
Bounce:                0 kB
WritebackTmp:          0 kB
CommitLimit:    11335136 kB
Committed_AS:    1931676 kB
VmallocTotal:   34359738367 kB
VmallocUsed:       31796 kB
VmallocChunk:          0 kB
Percpu:             2048 kB
HardwareCorrupted:     0 kB
AnonHugePages:    135168 kB
ShmemHugePages:        0 kB
ShmemPmdMapped:        0 kB
FileHugePages:         0 kB
FilePmdMapped:         0 kB
Unaccepted:            0 kB
HugePages_Total:       0
HugePages_Free:        0
HugePages_Rsvd:        0
HugePages_Surp:        0
Hugepagesize:       2048 kB
Hugetlb:               0 kB
DirectMap4k:      103736 kB
DirectMap2M:     3041280 kB
DirectMap1G:    15728640 kB
