-- /proc/meminfo --
MemTotal:       16378824 kB
MemFree:         9835632 kB
MemAvailable:   14649536 kB
Buffers:          108452 kB
Cached:          4866564 kB
SwapCached:            0 kB
Active:           727492 kB
Inactive:        4487336 kB
Active(anon):     299896 kB
Inactive(anon):        0 kB
Active(file):     427596 kB
Inactive(file):  4487336 kB
Unevictable:       46772 kB
Mlocked:           43700 kB
SwapTotal:       3145724 kB
SwapFree:        3145724 kB
Zswap:                 0 kB
Zswapped:              0 kB
Dirty:               696 kB
Writeback:             0 kB
AnonPages:        284044 kB
Mapped:           291140 kB
Shmem:             51340 kB
KReclaimable:     244900 kB
Slab:             337144 kB
SReclaimable:     244900 kB
SUnreclaim:        92244 kB
KernelStack:        3880 kB
PageTables:         5720 kB
SecPageTables:         0 kB
NFS_Unstable:          0 kB
Bounce:                0 kB
WritebackTmp:          0 kB
CommitLimit:    11335136 kB
Committed_AS:    1931796 kB
VmallocTotal:   34359738367 kB
VmallocUsed:       31796 kB
VmallocChunk:          0 kB
Percpu:             2048 kB
HardwareCorrupted:     0 kB
AnonHugePages:    133120 kB
ShmemHugePages:        0 kB
ShmemPmdMapped:        0 kB
FileHugePages:         0 kB
FilePmdMapped:         0 kB
Unaccepted:            0 kB
HugePages_Total:       0
HugePages_Free:        0
HugePages_Rsvd:        0
HugePages_Surp:        0
Hugepagesize:       2048 kB
Hugetlb:               0 kB
DirectMap4k:      103736 kB
DirectMap2M:     3041280 kB
DirectMap1G:    15728640 kB
