-- /proc/meminfo --
MemTotal:       16378824 kB
MemFree:         9706268 kB
MemAvailable:   14504752 kB
Buffers:          108580 kB
Cached:          4851244 kB
SwapCached:            0 kB
Active:           728156 kB
Inactive:        4472120 kB
Active(anon):     300560 kB
Inactive(anon):        0 kB
Active(file):     427596 kB
Inactive(file):  4472120 kB
Unevictable:       46772 kB
Mlocked:           43700 kB
SwapTotal:       3145724 kB
SwapFree:        3145724 kB
Zswap:                 0 kB
Zswapped:              0 kB
Dirty:               660 kB
Writeback:             0 kB
AnonPages:        284208 kB
Mapped:           291092 kB
Shmem:             51352 kB
KReclaimable:     244696 kB
Slab:             336640 kB
SReclaimable:     244696 kB
SUnreclaim:        91944 kB
KernelStack:        3820 kB
PageTables:         5700 kB
SecPageTables:         0 kB
NFS_Unstable:          0 kB
Bounce:                0 kB
WritebackTmp:          0 kB
CommitLimit:    11335136 kB
Committed_AS:    1931848 kB
VmallocTotal:   34359738367 kB
VmallocUsed:       31812 kB
VmallocChunk:          0 kB
Percpu:             2048 kB
HardwareCorrupted:     0 kB
AnonHugePages:    133120 kB
ShmemHugePages:        0 kB
ShmemPmdMapped:        0 kB
FileHugePages:         0 kB
FilePmdMapped:         0 kB
Unaccepted:            0 kB
HugePages_Total:       0
HugePages_Free:        0
HugePages_Rsvd:        0
HugePages_Surp:        0
Hugepagesize:       2048 kB
Hugetlb:               0 kB
DirectMap4k:      103736 kB
DirectMap2M:     3041280 kB
DirectMap1G:    15728640 kB
