-- /proc/meminfo --
MemTotal:       16378824 kB
MemFree:         9582040 kB
MemAvailable:   14378292 kB
Buffers:          108288 kB
Cached:          4849740 kB
SwapCached:            0 kB
Active:          1159848 kB
Inactive:        4470380 kB
Active(anon):     732252 kB
Inactive(anon):        0 kB
Active(file):     427596 kB
Inactive(file):  4470380 kB
Unevictable:       46772 kB
Mlocked:           43700 kB
SwapTotal:       3145724 kB
SwapFree:        3145724 kB
Zswap:                 0 kB
Zswapped:              0 kB
Dirty:             13936 kB
Writeback:             0 kB
AnonPages:        716796 kB
Mapped:           340188 kB
Shmem:             51304 kB
KReclaimable:     244204 kB
Slab:             336264 kB
SReclaimable:     244204 kB
SUnreclaim:        92060 kB
KernelStack:        4072 kB
PageTables:         7008 kB
SecPageTables:         0 kB
NFS_Unstable:          0 kB
Bounce:                0 kB
WritebackTmp:          0 kB
CommitLimit:    11335136 kB
Committed_AS:    2400520 kB
VmallocTotal:   34359738367 kB
VmallocUsed:       32116 kB
VmallocChunk:          0 kB
Percpu:             2048 kB
HardwareCorrupted:     0 kB
AnonHugePages:    215040 kB
ShmemHugePages:        0 kB
ShmemPmdMapped:        0 kB
FileHugePages:         0 kB
FilePmdMapped:         0 kB
Unaccepted:            0 kB
HugePages_Total:       0
HugePages_Free:        0
HugePages_Rsvd:        0
HugePages_Surp:        0
Hugepagesize:       2048 kB
Hugetlb:               0 kB
DirectMap4k:      103736 kB
DirectMap2M:     3041280 kB
DirectMap1G:    15728640 kB
