-- /proc/meminfo --
MemTotal:       16378824 kB
MemFree:         9879336 kB
MemAvailable:   14694608 kB
Buffers:          108604 kB
Cached:          4867560 kB
SwapCached:            0 kB
Active:          1041360 kB
Inactive:        4488432 kB
Active(anon):     613764 kB
Inactive(anon):        0 kB
Active(file):     427596 kB
Inactive(file):  4488432 kB
Unevictable:       46772 kB
Mlocked:           43700 kB
SwapTotal:       3145724 kB
SwapFree:        3145724 kB
Zswap:                 0 kB
Zswapped:              0 kB
Dirty:               700 kB
Writeback:             0 kB
AnonPages:        597644 kB
Mapped:           339432 kB
Shmem:             51392 kB
KReclaimable:     245172 kB
Slab:             337152 kB
SReclaimable:     245172 kB
SUnreclaim:        91980 kB
KernelStack:        4028 kB
PageTables:         6804 kB
SecPageTables:         0 kB
NFS_Unstable:          0 kB
Bounce:                0 kB
WritebackTmp:          0 kB
CommitLimit:    11335136 kB
Committed_AS:    2278936 kB
VmallocTotal:   34359738367 kB
VmallocUsed:       31956 kB
VmallocChunk:          0 kB
Percpu:             2048 kB
HardwareCorrupted:     0 kB
AnonHugePages:    198656 kB
ShmemHugePages:        0 kB
ShmemPmdMapped:        0 kB
FileHugePages:         0 kB
FilePmdMapped:         0 kB
Unaccepted:            0 kB
HugePages_Total:       0
HugePages_Free:        0
HugePages_Rsvd:        0
HugePages_Surp:        0
Hugepagesize:       2048 kB
Hugetlb:               0 kB
DirectMap4k:      103736 kB
DirectMap2M:     3041280 kB
DirectMap1G:    15728640 kB
