-- /proc/meminfo --
MemTotal:       16378824 kB
MemFree:         9085280 kB
MemAvailable:   14004604 kB
Buffers:          107752 kB
Cached:          4970976 kB
SwapCached:            0 kB
Active:          1484556 kB
Inactive:        4591496 kB
Active(anon):    1056980 kB
Inactive(anon):        0 kB
Active(file):     427576 kB
Inactive(file):  4591496 kB
Unevictable:       46772 kB
Mlocked:           43700 kB
SwapTotal:       3145724 kB
SwapFree:        3145724 kB
Zswap:                 0 kB
Zswapped:              0 kB
Dirty:            122036 kB
Writeback:             0 kB
AnonPages:       1041220 kB
Mapped:           439652 kB
Shmem:             50904 kB
KReclaimable:     246180 kB
Slab:             338652 kB
SReclaimable:     246180 kB
SUnreclaim:        92472 kB
KernelStack:        4564 kB
PageTables:         8304 kB
SecPageTables:         0 kB
NFS_Unstable:          0 kB
Bounce:                0 kB
WritebackTmp:          0 kB
CommitLimit:    11335136 kB
Committed_AS:    2946544 kB
VmallocTotal:   34359738367 kB
VmallocUsed:       32628 kB
VmallocChunk:          0 kB
Percpu:             2048 kB
HardwareCorrupted:     0 kB
AnonHugePages:    251904 kB
ShmemHugePages:        0 kB
ShmemPmdMapped:        0 kB
FileHugePages:         0 kB
FilePmdMapped:         0 kB
Unaccepted:            0 kB
HugePages_Total:       0
HugePages_Free:        0
HugePages_Rsvd:        0
HugePages_Surp:        0
Hugepagesize:       2048 kB
Hugetlb:               0 kB
DirectMap4k:      103736 kB
DirectMap2M:     3041280 kB
DirectMap1G:    15728640 kB
