-- /proc/meminfo --
MemTotal:       16378824 kB
MemFree:         9643292 kB
MemAvailable:   14439368 kB
Buffers:          107792 kB
Cached:          4850060 kB
SwapCached:            0 kB
Active:           809324 kB
Inactive:        4470608 kB
Active(anon):     381728 kB
Inactive(anon):        0 kB
Active(file):     427596 kB
Inactive(file):  4470608 kB
Unevictable:       46772 kB
Mlocked:           43700 kB
SwapTotal:       3145724 kB
SwapFree:        3145724 kB
Zswap:                 0 kB
Zswapped:              0 kB
Dirty:              1148 kB
Writeback:             0 kB
AnonPages:        365832 kB
Mapped:           332272 kB
Shmem:             50904 kB
KReclaimable:     243800 kB
Slab:             336180 kB
SReclaimable:     243800 kB
SUnreclaim:        92380 kB
KernelStack:        4160 kB
PageTables:         6500 kB
SecPageTables:         0 kB
NFS_Unstable:          0 kB
Bounce:                0 kB
WritebackTmp:          0 kB
CommitLimit:    11335136 kB
Committed_AS:    2119780 kB
VmallocTotal:   34359738367 kB
VmallocUsed:       32132 kB
VmallocChunk:          0 kB
Percpu:             2048 kB
HardwareCorrupted:     0 kB
AnonHugePages:    122880 kB
ShmemHugePages:        0 kB
ShmemPmdMapped:        0 kB
FileHugePages:         0 kB
FilePmdMapped:         0 kB
Unaccepted:            0 kB
HugePages_Total:       0
HugePages_Free:        0
HugePages_Rsvd:        0
HugePages_Surp:        0
Hugepagesize:       2048 kB
Hugetlb:               0 kB
DirectMap4k:      103736 kB
DirectMap2M:     3041280 kB
DirectMap1G:    15728640 kB
