-- /proc/meminfo --
MemTotal:       16378824 kB
MemFree:         9216196 kB
MemAvailable:   14137436 kB
Buffers:          107800 kB
Cached:          4971952 kB
SwapCached:            0 kB
Active:          1529308 kB
Inactive:        4592500 kB
Active(anon):    1101712 kB
Inactive(anon):        0 kB
Active(file):     427596 kB
Inactive(file):  4592500 kB
Unevictable:       46772 kB
Mlocked:           43700 kB
SwapTotal:       3145724 kB
SwapFree:        3145724 kB
Zswap:                 0 kB
Zswapped:              0 kB
Dirty:            122916 kB
Writeback:             0 kB
AnonPages:       1085788 kB
Mapped:           445192 kB
Shmem:             50904 kB
KReclaimable:     247072 kB
Slab:             339732 kB
SReclaimable:     247072 kB
SUnreclaim:        92660 kB
KernelStack:        4468 kB
PageTables:         8484 kB
SecPageTables:         0 kB
NFS_Unstable:          0 kB
Bounce:                0 kB
WritebackTmp:          0 kB
CommitLimit:    11335136 kB
Committed_AS:    2929468 kB
VmallocTotal:   34359738367 kB
VmallocUsed:       32404 kB
VmallocChunk:          0 kB
Percpu:             2048 kB
HardwareCorrupted:     0 kB
AnonHugePages:    243712 kB
ShmemHugePages:        0 kB
ShmemPmdMapped:        0 kB
FileHugePages:         0 kB
FilePmdMapped:         0 kB
Unaccepted:            0 kB
HugePages_Total:       0
HugePages_Free:        0
HugePages_Rsvd:        0
HugePages_Surp:        0
Hugepagesize:       2048 kB
Hugetlb:               0 kB
DirectMap4k:      103736 kB
DirectMap2M:     3041280 kB
DirectMap1G:    15728640 kB
