-- /proc/meminfo --
MemTotal:       16378824 kB
MemFree:         9147252 kB
MemAvailable:   14068660 kB
Buffers:          107812 kB
Cached:          4971960 kB
SwapCached:            0 kB
Active:          1475344 kB
Inactive:        4592516 kB
Active(anon):    1047748 kB
Inactive(anon):        0 kB
Active(file):     427596 kB
Inactive(file):  4592516 kB
Unevictable:       46772 kB
Mlocked:           43700 kB
SwapTotal:       3145724 kB
SwapFree:        3145724 kB
Zswap:                 0 kB
Zswapped:              0 kB
Dirty:            122892 kB
Writeback:             0 kB
AnonPages:       1031752 kB
Mapped:           442268 kB
Shmem:             50908 kB
KReclaimable:     247224 kB
Slab:             339836 kB
SReclaimable:     247224 kB
SUnreclaim:        92612 kB
KernelStack:        4460 kB
PageTables:         8552 kB
SecPageTables:         0 kB
NFS_Unstable:          0 kB
Bounce:                0 kB
WritebackTmp:          0 kB
CommitLimit:    11335136 kB
Committed_AS:    2873308 kB
VmallocTotal:   34359738367 kB
VmallocUsed:       32404 kB
VmallocChunk:          0 kB
Percpu:             2048 kB
HardwareCorrupted:     0 kB
AnonHugePages:    237568 kB
ShmemHugePages:        0 kB
ShmemPmdMapped:        0 kB
FileHugePages:         0 kB
FilePmdMapped:         0 kB
Unaccepted:            0 kB
HugePages_Total:       0
HugePages_Free:        0
HugePages_Rsvd:        0
HugePages_Surp:        0
Hugepagesize:       2048 kB
Hugetlb:               0 kB
DirectMap4k:      103736 kB
DirectMap2M:     3041280 kB
DirectMap1G:    15728640 kB
