-- /proc/meminfo --
MemTotal:       16378824 kB
MemFree:         9622440 kB
MemAvailable:   14419084 kB
Buffers:          107844 kB
Cached:          4850556 kB
SwapCached:            0 kB
Active:           728016 kB
Inactive:        4471144 kB
Active(anon):     300420 kB
Inactive(anon):        0 kB
Active(file):     427596 kB
Inactive(file):  4471144 kB
Unevictable:       46772 kB
Mlocked:           43700 kB
SwapTotal:       3145724 kB
SwapFree:        3145724 kB
Zswap:                 0 kB
Zswapped:              0 kB
Dirty:              1508 kB
Writeback:             0 kB
AnonPages:        284440 kB
Mapped:           295156 kB
Shmem:             50908 kB
KReclaimable:     243832 kB
Slab:             335976 kB
SReclaimable:     243832 kB
SUnreclaim:        92144 kB
KernelStack:        3996 kB
PageTables:         5912 kB
SecPageTables:         0 kB
NFS_Unstable:          0 kB
Bounce:                0 kB
WritebackTmp:          0 kB
CommitLimit:    11335136 kB
Committed_AS:    2011176 kB
VmallocTotal:   34359738367 kB
VmallocUsed:       31988 kB
VmallocChunk:          0 kB
Percpu:             2048 kB
HardwareCorrupted:     0 kB
AnonHugePages:    122880 kB
ShmemHugePages:        0 kB
ShmemPmdMapped:        0 kB
FileHugePages:         0 kB
FilePmdMapped:         0 kB
Unaccepted:            0 kB
HugePages_Total:       0
HugePages_Free:        0
HugePages_Rsvd:        0
HugePages_Surp:        0
Hugepagesize:       2048 kB
Hugetlb:               0 kB
DirectMap4k:      103736 kB
DirectMap2M:     3041280 kB
DirectMap1G:    15728640 kB
