-- /proc/meminfo --
MemTotal:       16378824 kB
MemFree:         9464648 kB
MemAvailable:   14336372 kB
Buffers:          107876 kB
Cached:          4923692 kB
SwapCached:            0 kB
Active:          1261352 kB
Inactive:        4544256 kB
Active(anon):     833756 kB
Inactive(anon):        0 kB
Active(file):     427596 kB
Inactive(file):  4544256 kB
Unevictable:       46772 kB
Mlocked:           43700 kB
SwapTotal:       3145724 kB
SwapFree:        3145724 kB
Zswap:                 0 kB
Zswapped:              0 kB
Dirty:             89976 kB
Writeback:             0 kB
AnonPages:        817968 kB
Mapped:           425608 kB
Shmem:             50960 kB
KReclaimable:     245800 kB
Slab:             338172 kB
SReclaimable:     245800 kB
SUnreclaim:        92372 kB
KernelStack:        4540 kB
PageTables:         8004 kB
SecPageTables:         0 kB
NFS_Unstable:          0 kB
Bounce:                0 kB
WritebackTmp:          0 kB
CommitLimit:    11335136 kB
Committed_AS:    2644288 kB
VmallocTotal:   34359738367 kB
VmallocUsed:       32404 kB
VmallocChunk:          0 kB
Percpu:             2048 kB
HardwareCorrupted:     0 kB
AnonHugePages:    210944 kB
ShmemHugePages:        0 kB
ShmemPmdMapped:        0 kB
FileHugePages:         0 kB
FilePmdMapped:         0 kB
Unaccepted:            0 kB
HugePages_Total:       0
HugePages_Free:        0
HugePages_Rsvd:        0
HugePages_Surp:        0
Hugepagesize:       2048 kB
Hugetlb:               0 kB
DirectMap4k:      103736 kB
DirectMap2M:     3041280 kB
DirectMap1G:    15728640 kB
