-- /proc/meminfo --
MemTotal:       16378824 kB
MemFree:         9403764 kB
MemAvailable:   14194624 kB
Buffers:          107896 kB
Cached:          4844920 kB
SwapCached:            0 kB
Active:          1410336 kB
Inactive:        4465508 kB
Active(anon):     982740 kB
Inactive(anon):        0 kB
Active(file):     427596 kB
Inactive(file):  4465508 kB
Unevictable:       46772 kB
Mlocked:           43700 kB
SwapTotal:       3145724 kB
SwapFree:        3145724 kB
Zswap:                 0 kB
Zswapped:              0 kB
Dirty:               668 kB
Writeback:             0 kB
AnonPages:        966976 kB
Mapped:           344572 kB
Shmem:             50964 kB
KReclaimable:     243684 kB
Slab:             335808 kB
SReclaimable:     243684 kB
SUnreclaim:        92124 kB
KernelStack:        4280 kB
PageTables:         7860 kB
SecPageTables:         0 kB
NFS_Unstable:          0 kB
Bounce:                0 kB
WritebackTmp:          0 kB
CommitLimit:    11335136 kB
Committed_AS:    2731476 kB
VmallocTotal:   34359738367 kB
VmallocUsed:       32180 kB
VmallocChunk:          0 kB
Percpu:             2048 kB
HardwareCorrupted:     0 kB
AnonHugePages:    227328 kB
ShmemHugePages:        0 kB
ShmemPmdMapped:        0 kB
FileHugePages:         0 kB
FilePmdMapped:         0 kB
Unaccepted:            0 kB
HugePages_Total:       0
HugePages_Free:        0
HugePages_Rsvd:        0
HugePages_Surp:        0
Hugepagesize:       2048 kB
Hugetlb:               0 kB
DirectMap4k:      103736 kB
DirectMap2M:     3041280 kB
DirectMap1G:    15728640 kB
