-- /proc/meminfo --
MemTotal:       16378824 kB
MemFree:         9488332 kB
MemAvailable:   14360428 kB
Buffers:          107964 kB
Cached:          4924012 kB
SwapCached:            0 kB
Active:          1324460 kB
Inactive:        4544656 kB
Active(anon):     896864 kB
Inactive(anon):        0 kB
Active(file):     427596 kB
Inactive(file):  4544656 kB
Unevictable:       46772 kB
Mlocked:           43700 kB
SwapTotal:       3145724 kB
SwapFree:        3145724 kB
Zswap:                 0 kB
Zswapped:              0 kB
Dirty:             89744 kB
Writeback:             0 kB
AnonPages:        881560 kB
Mapped:           427392 kB
Shmem:             50968 kB
KReclaimable:     245772 kB
Slab:             338300 kB
SReclaimable:     245772 kB
SUnreclaim:        92528 kB
KernelStack:        4484 kB
PageTables:         7932 kB
SecPageTables:         0 kB
NFS_Unstable:          0 kB
Bounce:                0 kB
WritebackTmp:          0 kB
CommitLimit:    11335136 kB
Committed_AS:    2703784 kB
VmallocTotal:   34359738367 kB
VmallocUsed:       32516 kB
VmallocChunk:          0 kB
Percpu:             2048 kB
HardwareCorrupted:     0 kB
AnonHugePages:    217088 kB
ShmemHugePages:        0 kB
ShmemPmdMapped:        0 kB
FileHugePages:         0 kB
FilePmdMapped:         0 kB
Unaccepted:            0 kB
HugePages_Total:       0
HugePages_Free:        0
HugePages_Rsvd:        0
HugePages_Surp:        0
Hugepagesize:       2048 kB
Hugetlb:               0 kB
DirectMap4k:      103736 kB
DirectMap2M:     3041280 kB
DirectMap1G:    15728640 kB
