-- /proc/meminfo --
MemTotal:       16378824 kB
MemFree:        10169488 kB
MemAvailable:   14949956 kB
Buffers:          107920 kB
Cached:          4834776 kB
SwapCached:            0 kB
Active:           786568 kB
Inactive:        4455388 kB
Active(anon):     358972 kB
Inactive(anon):        0 kB
Active(file):     427596 kB
Inactive(file):  4455388 kB
Unevictable:       46772 kB
Mlocked:           43700 kB
SwapTotal:       3145724 kB
SwapFree:        3145724 kB
Zswap:                 0 kB
Zswapped:              0 kB
Dirty:               676 kB
Writeback:             0 kB
AnonPages:        343164 kB
Mapped:           325912 kB
Shmem:             50968 kB
KReclaimable:     243412 kB
Slab:             335560 kB
SReclaimable:     243412 kB
SUnreclaim:        92148 kB
KernelStack:        4036 kB
PageTables:         6252 kB
SecPageTables:         0 kB
NFS_Unstable:          0 kB
Bounce:                0 kB
WritebackTmp:          0 kB
CommitLimit:    11335136 kB
Committed_AS:    2076624 kB
VmallocTotal:   34359738367 kB
VmallocUsed:       31988 kB
VmallocChunk:          0 kB
Percpu:             2048 kB
HardwareCorrupted:     0 kB
AnonHugePages:    124928 kB
ShmemHugePages:        0 kB
ShmemPmdMapped:        0 kB
FileHugePages:         0 kB
FilePmdMapped:         0 kB
Unaccepted:            0 kB
HugePages_Total:       0
HugePages_Free:        0
HugePages_Rsvd:        0
HugePages_Surp:        0
Hugepagesize:       2048 kB
Hugetlb:               0 kB
DirectMap4k:      103736 kB
DirectMap2M:     3041280 kB
DirectMap1G:    15728640 kB
