-- /proc/meminfo --
MemTotal:       16378824 kB
MemFree:         9361688 kB
MemAvailable:   14265320 kB
Buffers:          107936 kB
Cached:          4955516 kB
SwapCached:            0 kB
Active:          1638316 kB
Inactive:        4576132 kB
Active(anon):    1210720 kB
Inactive(anon):        0 kB
Active(file):     427596 kB
Inactive(file):  4576132 kB
Unevictable:       46772 kB
Mlocked:           43700 kB
SwapTotal:       3145724 kB
SwapFree:        3145724 kB
Zswap:                 0 kB
Zswapped:              0 kB
Dirty:            121300 kB
Writeback:             0 kB
AnonPages:       1195052 kB
Mapped:           442836 kB
Shmem:             50968 kB
KReclaimable:     245832 kB
Slab:             338408 kB
SReclaimable:     245832 kB
SUnreclaim:        92576 kB
KernelStack:        4476 kB
PageTables:         8788 kB
SecPageTables:         0 kB
NFS_Unstable:          0 kB
Bounce:                0 kB
WritebackTmp:          0 kB
CommitLimit:    11335136 kB
Committed_AS:    3043596 kB
VmallocTotal:   34359738367 kB
VmallocUsed:       32420 kB
VmallocChunk:          0 kB
Percpu:             2048 kB
HardwareCorrupted:     0 kB
AnonHugePages:    253952 kB
ShmemHugePages:        0 kB
ShmemPmdMapped:        0 kB
FileHugePages:         0 kB
FilePmdMapped:         0 kB
Unaccepted:            0 kB
HugePages_Total:       0
HugePages_Free:        0
HugePages_Rsvd:        0
HugePages_Surp:        0
Hugepagesize:       2048 kB
Hugetlb:               0 kB
DirectMap4k:      103736 kB
DirectMap2M:     3041280 kB
DirectMap1G:    15728640 kB
