-- /proc/meminfo --
MemTotal:       16378824 kB
MemFree:         9794568 kB
MemAvailable:   14592272 kB
Buffers:          108008 kB
Cached:          4851276 kB
SwapCached:            0 kB
Active:           792540 kB
Inactive:        4471964 kB
Active(anon):     364944 kB
Inactive(anon):        0 kB
Active(file):     427596 kB
Inactive(file):  4471964 kB
Unevictable:       46772 kB
Mlocked:           43700 kB
SwapTotal:       3145724 kB
SwapFree:        3145724 kB
Zswap:                 0 kB
Zswapped:              0 kB
Dirty:               624 kB
Writeback:             0 kB
AnonPages:        351404 kB
Mapped:           330408 kB
Shmem:             50968 kB
KReclaimable:     244072 kB
Slab:             336272 kB
SReclaimable:     244072 kB
SUnreclaim:        92200 kB
KernelStack:        4088 kB
PageTables:         6272 kB
SecPageTables:         0 kB
NFS_Unstable:          0 kB
Bounce:                0 kB
WritebackTmp:          0 kB
CommitLimit:    11335136 kB
Committed_AS:    2086728 kB
VmallocTotal:   34359738367 kB
VmallocUsed:       32004 kB
VmallocChunk:          0 kB
Percpu:             2048 kB
HardwareCorrupted:     0 kB
AnonHugePages:    133120 kB
ShmemHugePages:        0 kB
ShmemPmdMapped:        0 kB
FileHugePages:         0 kB
FilePmdMapped:         0 kB
Unaccepted:            0 kB
HugePages_Total:       0
HugePages_Free:        0
HugePages_Rsvd:        0
HugePages_Surp:        0
Hugepagesize:       2048 kB
Hugetlb:               0 kB
DirectMap4k:      103736 kB
DirectMap2M:     3041280 kB
DirectMap1G:    15728640 kB
