-- /proc/meminfo --
MemTotal:       16378824 kB
MemFree:        10009840 kB
MemAvailable:   14791048 kB
Buffers:          108032 kB
Cached:          4835260 kB
SwapCached:            0 kB
Active:           785988 kB
Inactive:        4455940 kB
Active(anon):     358392 kB
Inactive(anon):        0 kB
Active(file):     427596 kB
Inactive(file):  4455940 kB
Unevictable:       46772 kB
Mlocked:           43700 kB
SwapTotal:       3145724 kB
SwapFree:        3145724 kB
Zswap:                 0 kB
Zswapped:              0 kB
Dirty:               636 kB
Writeback:             0 kB
AnonPages:        344760 kB
Mapped:           325324 kB
Shmem:             51000 kB
KReclaimable:     243600 kB
Slab:             335868 kB
SReclaimable:     243600 kB
SUnreclaim:        92268 kB
KernelStack:        4124 kB
PageTables:         6240 kB
SecPageTables:         0 kB
NFS_Unstable:          0 kB
Bounce:                0 kB
WritebackTmp:          0 kB
CommitLimit:    11335136 kB
Committed_AS:    2072020 kB
VmallocTotal:   34359738367 kB
VmallocUsed:       32020 kB
VmallocChunk:          0 kB
Percpu:             2048 kB
HardwareCorrupted:     0 kB
AnonHugePages:    133120 kB
ShmemHugePages:        0 kB
ShmemPmdMapped:        0 kB
FileHugePages:         0 kB
FilePmdMapped:         0 kB
Unaccepted:            0 kB
HugePages_Total:       0
HugePages_Free:        0
HugePages_Rsvd:        0
HugePages_Surp:        0
Hugepagesize:       2048 kB
Hugetlb:               0 kB
DirectMap4k:      103736 kB
DirectMap2M:     3041280 kB
DirectMap1G:    15728640 kB
