-- /proc/meminfo --
MemTotal:       16378824 kB
MemFree:         9288600 kB
MemAvailable:   14181072 kB
Buffers:          109068 kB
Cached:          4942864 kB
SwapCached:            0 kB
Active:          1326624 kB
Inactive:        4563892 kB
Active(anon):     899028 kB
Inactive(anon):        0 kB
Active(file):     427596 kB
Inactive(file):  4563892 kB
Unevictable:       46772 kB
Mlocked:           43700 kB
SwapTotal:       3145724 kB
SwapFree:        3145724 kB
Zswap:                 0 kB
Zswapped:              0 kB
Dirty:             90044 kB
Writeback:             0 kB
AnonPages:        881968 kB
Mapped:           422064 kB
Shmem:             51688 kB
KReclaimable:     246912 kB
Slab:             339240 kB
SReclaimable:     246912 kB
SUnreclaim:        92328 kB
KernelStack:        4404 kB
PageTables:         7944 kB
SecPageTables:         0 kB
NFS_Unstable:          0 kB
Bounce:                0 kB
WritebackTmp:          0 kB
CommitLimit:    11335136 kB
Committed_AS:    2645436 kB
VmallocTotal:   34359738367 kB
VmallocUsed:       32452 kB
VmallocChunk:          0 kB
Percpu:             2048 kB
HardwareCorrupted:     0 kB
AnonHugePages:    231424 kB
ShmemHugePages:        0 kB
ShmemPmdMapped:        0 kB
FileHugePages:         0 kB
FilePmdMapped:         0 kB
Unaccepted:            0 kB
HugePages_Total:       0
HugePages_Free:        0
HugePages_Rsvd:        0
HugePages_Surp:        0
Hugepagesize:       2048 kB
Hugetlb:               0 kB
DirectMap4k:      103736 kB
DirectMap2M:     3041280 kB
DirectMap1G:    15728640 kB
