-- /proc/meminfo --
MemTotal:       16378824 kB
MemFree:         9277048 kB
MemAvailable:   14169924 kB
Buffers:          109116 kB
Cached:          4943080 kB
SwapCached:            0 kB
Active:          1273932 kB
Inactive:        4564156 kB
Active(anon):     846336 kB
Inactive(anon):        0 kB
Active(file):     427596 kB
Inactive(file):  4564156 kB
Unevictable:       46772 kB
Mlocked:           43700 kB
SwapTotal:       3145724 kB
SwapFree:        3145724 kB
Zswap:                 0 kB
Zswapped:              0 kB
Dirty:             90056 kB
Writeback:             0 kB
AnonPages:        829324 kB
Mapped:           421728 kB
Shmem:             51692 kB
KReclaimable:     247052 kB
Slab:             339356 kB
SReclaimable:     247052 kB
SUnreclaim:        92304 kB
KernelStack:        4376 kB
PageTables:         7752 kB
SecPageTables:         0 kB
NFS_Unstable:          0 kB
Bounce:                0 kB
WritebackTmp:          0 kB
CommitLimit:    11335136 kB
Committed_AS:    2593248 kB
VmallocTotal:   34359738367 kB
VmallocUsed:       32308 kB
VmallocChunk:          0 kB
Percpu:             2048 kB
HardwareCorrupted:     0 kB
AnonHugePages:    217088 kB
ShmemHugePages:        0 kB
ShmemPmdMapped:        0 kB
FileHugePages:         0 kB
FilePmdMapped:         0 kB
Unaccepted:            0 kB
HugePages_Total:       0
HugePages_Free:        0
HugePages_Rsvd:        0
HugePages_Surp:        0
Hugepagesize:       2048 kB
Hugetlb:               0 kB
DirectMap4k:      103736 kB
DirectMap2M:     3041280 kB
DirectMap1G:    15728640 kB
