-- /proc/meminfo --
MemTotal:       16378824 kB
MemFree:         9390204 kB
MemAvailable:   14280044 kB
Buffers:          108568 kB
Cached:          4940360 kB
SwapCached:            0 kB
Active:          1381388 kB
Inactive:        4561228 kB
Active(anon):     953792 kB
Inactive(anon):        0 kB
Active(file):     427596 kB
Inactive(file):  4561228 kB
Unevictable:       46772 kB
Mlocked:           43700 kB
SwapTotal:       3145724 kB
SwapFree:        3145724 kB
Zswap:                 0 kB
Zswapped:              0 kB
Dirty:             89692 kB
Writeback:             0 kB
AnonPages:        937676 kB
Mapped:           426400 kB
Shmem:             51352 kB
KReclaimable:     246944 kB
Slab:             339176 kB
SReclaimable:     246944 kB
SUnreclaim:        92232 kB
KernelStack:        4444 kB
PageTables:         7976 kB
SecPageTables:         0 kB
NFS_Unstable:          0 kB
Bounce:                0 kB
WritebackTmp:          0 kB
CommitLimit:    11335136 kB
Committed_AS:    2702000 kB
VmallocTotal:   34359738367 kB
VmallocUsed:       32420 kB
VmallocChunk:          0 kB
Percpu:             2048 kB
HardwareCorrupted:     0 kB
AnonHugePages:    239616 kB
ShmemHugePages:        0 kB
ShmemPmdMapped:        0 kB
FileHugePages:         0 kB
FilePmdMapped:         0 kB
Unaccepted:            0 kB
HugePages_Total:       0
HugePages_Free:        0
HugePages_Rsvd:        0
HugePages_Surp:        0
Hugepagesize:       2048 kB
Hugetlb:               0 kB
DirectMap4k:      103736 kB
DirectMap2M:     3041280 kB
DirectMap1G:    15728640 kB
