-- /proc/meminfo --
MemTotal:       16378824 kB
MemFree:         9884764 kB
MemAvailable:   14700276 kB
Buffers:          108652 kB
Cached:          4867784 kB
SwapCached:            0 kB
Active:           785904 kB
Inactive:        4488660 kB
Active(anon):     358308 kB
Inactive(anon):        0 kB
Active(file):     427596 kB
Inactive(file):  4488660 kB
Unevictable:       46772 kB
Mlocked:           43700 kB
SwapTotal:       3145724 kB
SwapFree:        3145724 kB
Zswap:                 0 kB
Zswapped:              0 kB
Dirty:               644 kB
Writeback:             0 kB
AnonPages:        342292 kB
Mapped:           320616 kB
Shmem:             51420 kB
KReclaimable:     245184 kB
Slab:             337156 kB
SReclaimable:     245184 kB
SUnreclaim:        91972 kB
KernelStack:        4044 kB
PageTables:         6076 kB
SecPageTables:         0 kB
NFS_Unstable:          0 kB
Bounce:                0 kB
WritebackTmp:          0 kB
CommitLimit:    11335136 kB
Committed_AS:    2008608 kB
VmallocTotal:   34359738367 kB
VmallocUsed:       31940 kB
VmallocChunk:          0 kB
Percpu:             2048 kB
HardwareCorrupted:     0 kB
AnonHugePages:    133120 kB
ShmemHugePages:        0 kB
ShmemPmdMapped:        0 kB
FileHugePages:         0 kB
FilePmdMapped:         0 kB
Unaccepted:            0 kB
HugePages_Total:       0
HugePages_Free:        0
HugePages_Rsvd:        0
HugePages_Surp:        0
Hugepagesize:       2048 kB
Hugetlb:               0 kB
DirectMap4k:      103736 kB
DirectMap2M:     3041280 kB
DirectMap1G:    15728640 kB
