-- /proc/meminfo --
MemTotal:       16378824 kB
MemFree:         9503528 kB
MemAvailable:   14395720 kB
Buffers:          109016 kB
Cached:          4942656 kB
SwapCached:            0 kB
Active:          1221580 kB
Inactive:        4563644 kB
Active(anon):     793984 kB
Inactive(anon):        0 kB
Active(file):     427596 kB
Inactive(file):  4563644 kB
Unevictable:       46772 kB
Mlocked:           43700 kB
SwapTotal:       3145724 kB
SwapFree:        3145724 kB
Zswap:                 0 kB
Zswapped:              0 kB
Dirty:             89964 kB
Writeback:             8 kB
AnonPages:        777012 kB
Mapped:           392680 kB
Shmem:             51688 kB
KReclaimable:     246880 kB
Slab:             338960 kB
SReclaimable:     246880 kB
SUnreclaim:        92080 kB
KernelStack:        4280 kB
PageTables:         7312 kB
SecPageTables:         0 kB
NFS_Unstable:          0 kB
Bounce:                0 kB
WritebackTmp:          0 kB
CommitLimit:    11335136 kB
Committed_AS:    2538056 kB
VmallocTotal:   34359738367 kB
VmallocUsed:       32244 kB
VmallocChunk:          0 kB
Percpu:             2048 kB
HardwareCorrupted:     0 kB
AnonHugePages:    217088 kB
ShmemHugePages:        0 kB
ShmemPmdMapped:        0 kB
FileHugePages:         0 kB
FilePmdMapped:         0 kB
Unaccepted:            0 kB
HugePages_Total:       0
HugePages_Free:        0
HugePages_Rsvd:        0
HugePages_Surp:        0
Hugepagesize:       2048 kB
Hugetlb:               0 kB
DirectMap4k:      103736 kB
DirectMap2M:     3041280 kB
DirectMap1G:    15728640 kB
