-- /proc/meminfo --
MemTotal:       16378824 kB
MemFree:         9969836 kB
MemAvailable:   14785084 kB
Buffers:          108616 kB
Cached:          4867584 kB
SwapCached:            0 kB
Active:           792116 kB
Inactive:        4488456 kB
Active(anon):     364520 kB
Inactive(anon):        0 kB
Active(file):     427596 kB
Inactive(file):  4488456 kB
Unevictable:       46772 kB
Mlocked:           43700 kB
SwapTotal:       3145724 kB
SwapFree:        3145724 kB
Zswap:                 0 kB
Zswapped:              0 kB
Dirty:               500 kB
Writeback:            96 kB
AnonPages:        348196 kB
Mapped:           326268 kB
Shmem:             51392 kB
KReclaimable:     245124 kB
Slab:             337112 kB
SReclaimable:     245124 kB
SUnreclaim:        91988 kB
KernelStack:        3952 kB
PageTables:         6268 kB
SecPageTables:         0 kB
NFS_Unstable:          0 kB
Bounce:                0 kB
WritebackTmp:          0 kB
CommitLimit:    11335136 kB
Committed_AS:    2017628 kB
VmallocTotal:   34359738367 kB
VmallocUsed:       31988 kB
VmallocChunk:          0 kB
Percpu:             2048 kB
HardwareCorrupted:     0 kB
AnonHugePages:    133120 kB
ShmemHugePages:        0 kB
ShmemPmdMapped:        0 kB
FileHugePages:         0 kB
FilePmdMapped:         0 kB
Unaccepted:            0 kB
HugePages_Total:       0
HugePages_Free:        0
HugePages_Rsvd:        0
HugePages_Surp:        0
Hugepagesize:       2048 kB
Hugetlb:               0 kB
DirectMap4k:      103736 kB
DirectMap2M:     3041280 kB
DirectMap1G:    15728640 kB
