-- /proc/meminfo --
MemTotal:       16378824 kB
MemFree:         9409876 kB
MemAvailable:   14282608 kB
Buffers:          108100 kB
Cached:          4925480 kB
SwapCached:            0 kB
Active:          1334656 kB
Inactive:        4545972 kB
Active(anon):     907060 kB
Inactive(anon):        0 kB
Active(file):     427596 kB
Inactive(file):  4545972 kB
Unevictable:       46772 kB
Mlocked:           43700 kB
SwapTotal:       3145724 kB
SwapFree:        3145724 kB
Zswap:                 0 kB
Zswapped:              0 kB
Dirty:             90108 kB
Writeback:             0 kB
AnonPages:        892024 kB
Mapped:           430380 kB
Shmem:             51260 kB
KReclaimable:     245092 kB
Slab:             337628 kB
SReclaimable:     245092 kB
SUnreclaim:        92536 kB
KernelStack:        4468 kB
PageTables:         8124 kB
SecPageTables:         0 kB
NFS_Unstable:          0 kB
Bounce:                0 kB
WritebackTmp:          0 kB
CommitLimit:    11335136 kB
Committed_AS:    2719096 kB
VmallocTotal:   34359738367 kB
VmallocUsed:       32500 kB
VmallocChunk:          0 kB
Percpu:             2048 kB
HardwareCorrupted:     0 kB
AnonHugePages:    231424 kB
ShmemHugePages:        0 kB
ShmemPmdMapped:        0 kB
FileHugePages:         0 kB
FilePmdMapped:         0 kB
Unaccepted:            0 kB
HugePages_Total:       0
HugePages_Free:        0
HugePages_Rsvd:        0
HugePages_Surp:        0
Hugepagesize:       2048 kB
Hugetlb:               0 kB
DirectMap4k:      103736 kB
DirectMap2M:     3041280 kB
DirectMap1G:    15728640 kB
