-- /proc/meminfo --
MemTotal:       16378824 kB
MemFree:         9711972 kB
MemAvailable:   14528100 kB
Buffers:          108724 kB
Cached:          4868076 kB
SwapCached:            0 kB
Active:           954904 kB
Inactive:        4489032 kB
Active(anon):     527308 kB
Inactive(anon):        0 kB
Active(file):     427596 kB
Inactive(file):  4489032 kB
Unevictable:       46772 kB
Mlocked:           43700 kB
SwapTotal:       3145724 kB
SwapFree:        3145724 kB
Zswap:                 0 kB
Zswapped:              0 kB
Dirty:               592 kB
Writeback:             0 kB
AnonPages:        510612 kB
Mapped:           339108 kB
Shmem:             51420 kB
KReclaimable:     245428 kB
Slab:             337444 kB
SReclaimable:     245428 kB
SUnreclaim:        92016 kB
KernelStack:        4072 kB
PageTables:         6576 kB
SecPageTables:         0 kB
NFS_Unstable:          0 kB
Bounce:                0 kB
WritebackTmp:          0 kB
CommitLimit:    11335136 kB
Committed_AS:    2190024 kB
VmallocTotal:   34359738367 kB
VmallocUsed:       31988 kB
VmallocChunk:          0 kB
Percpu:             2048 kB
HardwareCorrupted:     0 kB
AnonHugePages:    198656 kB
ShmemHugePages:        0 kB
ShmemPmdMapped:        0 kB
FileHugePages:         0 kB
FilePmdMapped:         0 kB
Unaccepted:            0 kB
HugePages_Total:       0
HugePages_Free:        0
HugePages_Rsvd:        0
HugePages_Surp:        0
Hugepagesize:       2048 kB
Hugetlb:               0 kB
DirectMap4k:      103736 kB
DirectMap2M:     3041280 kB
DirectMap1G:    15728640 kB
