-- /proc/meminfo --
MemTotal:       16378824 kB
MemFree:         9898840 kB
MemAvailable:   14699732 kB
Buffers:          108928 kB
Cached:          4852948 kB
SwapCached:            0 kB
Active:           795692 kB
Inactive:        4474000 kB
Active(anon):     368096 kB
Inactive(anon):        0 kB
Active(file):     427596 kB
Inactive(file):  4474000 kB
Unevictable:       46772 kB
Mlocked:           43700 kB
SwapTotal:       3145724 kB
SwapFree:        3145724 kB
Zswap:                 0 kB
Zswapped:              0 kB
Dirty:               812 kB
Writeback:             0 kB
AnonPages:        351168 kB
Mapped:           332576 kB
Shmem:             51524 kB
KReclaimable:     245224 kB
Slab:             337196 kB
SReclaimable:     245224 kB
SUnreclaim:        91972 kB
KernelStack:        3940 kB
PageTables:         6324 kB
SecPageTables:         0 kB
NFS_Unstable:          0 kB
Bounce:                0 kB
WritebackTmp:          0 kB
CommitLimit:    11335136 kB
Committed_AS:    2018312 kB
VmallocTotal:   34359738367 kB
VmallocUsed:       31924 kB
VmallocChunk:          0 kB
Percpu:             2048 kB
HardwareCorrupted:     0 kB
AnonHugePages:    131072 kB
ShmemHugePages:        0 kB
ShmemPmdMapped:        0 kB
FileHugePages:         0 kB
FilePmdMapped:         0 kB
Unaccepted:            0 kB
HugePages_Total:       0
HugePages_Free:        0
HugePages_Rsvd:        0
HugePages_Surp:        0
Hugepagesize:       2048 kB
Hugetlb:               0 kB
DirectMap4k:      103736 kB
DirectMap2M:     3041280 kB
DirectMap1G:    15728640 kB
