-- /proc/meminfo --
MemTotal:       16378824 kB
MemFree:         9950368 kB
MemAvailable:   14749888 kB
Buffers:          108776 kB
Cached:          4851824 kB
SwapCached:            0 kB
Active:           836888 kB
Inactive:        4472840 kB
Active(anon):     409292 kB
Inactive(anon):        0 kB
Active(file):     427596 kB
Inactive(file):  4472840 kB
Unevictable:       46772 kB
Mlocked:           43700 kB
SwapTotal:       3145724 kB
SwapFree:        3145724 kB
Zswap:                 0 kB
Zswapped:              0 kB
Dirty:               616 kB
Writeback:             0 kB
AnonPages:        392604 kB
Mapped:           333452 kB
Shmem:             51420 kB
KReclaimable:     245012 kB
Slab:             337020 kB
SReclaimable:     245012 kB
SUnreclaim:        92008 kB
KernelStack:        4044 kB
PageTables:         6252 kB
SecPageTables:         0 kB
NFS_Unstable:          0 kB
Bounce:                0 kB
WritebackTmp:          0 kB
CommitLimit:    11335136 kB
Committed_AS:    2061520 kB
VmallocTotal:   34359738367 kB
VmallocUsed:       32020 kB
VmallocChunk:          0 kB
Percpu:             2048 kB
HardwareCorrupted:     0 kB
AnonHugePages:    133120 kB
ShmemHugePages:        0 kB
ShmemPmdMapped:        0 kB
FileHugePages:         0 kB
FilePmdMapped:         0 kB
Unaccepted:            0 kB
HugePages_Total:       0
HugePages_Free:        0
HugePages_Rsvd:        0
HugePages_Surp:        0
Hugepagesize:       2048 kB
Hugetlb:               0 kB
DirectMap4k:      103736 kB
DirectMap2M:     3041280 kB
DirectMap1G:    15728640 kB
