-- /proc/meminfo --
MemTotal:       16378824 kB
MemFree:         9389156 kB
MemAvailable:   14281872 kB
Buffers:          109092 kB
Cached:          4942996 kB
SwapCached:            0 kB
Active:          1290864 kB
Inactive:        4564048 kB
Active(anon):     863268 kB
Inactive(anon):        0 kB
Active(file):     427596 kB
Inactive(file):  4564048 kB
Unevictable:       46772 kB
Mlocked:           43700 kB
SwapTotal:       3145724 kB
SwapFree:        3145724 kB
Zswap:                 0 kB
Zswapped:              0 kB
Dirty:             90024 kB
Writeback:             0 kB
AnonPages:        846444 kB
Mapped:           421548 kB
Shmem:             51688 kB
KReclaimable:     247000 kB
Slab:             339276 kB
SReclaimable:     247000 kB
SUnreclaim:        92276 kB
KernelStack:        4380 kB
PageTables:         7788 kB
SecPageTables:         0 kB
NFS_Unstable:          0 kB
Bounce:                0 kB
WritebackTmp:          0 kB
CommitLimit:    11335136 kB
Committed_AS:    2609412 kB
VmallocTotal:   34359738367 kB
VmallocUsed:       32292 kB
VmallocChunk:          0 kB
Percpu:             2048 kB
HardwareCorrupted:     0 kB
AnonHugePages:    219136 kB
ShmemHugePages:        0 kB
ShmemPmdMapped:        0 kB
FileHugePages:         0 kB
FilePmdMapped:         0 kB
Unaccepted:            0 kB
HugePages_Total:       0
HugePages_Free:        0
HugePages_Rsvd:        0
HugePages_Surp:        0
Hugepagesize:       2048 kB
Hugetlb:               0 kB
DirectMap4k:      103736 kB
DirectMap2M:     3041280 kB
DirectMap1G:    15728640 kB
