-- /proc/meminfo --
MemTotal:       16378824 kB
MemFree:         9504004 kB
MemAvailable:   14395972 kB
Buffers:          108988 kB
Cached:          4942352 kB
SwapCached:            0 kB
Active:          1174676 kB
Inactive:        4563432 kB
Active(anon):     747080 kB
Inactive(anon):        0 kB
Active(file):     427596 kB
Inactive(file):  4563432 kB
Unevictable:       46772 kB
Mlocked:           43700 kB
SwapTotal:       3145724 kB
SwapFree:        3145724 kB
Zswap:                 0 kB
Zswapped:              0 kB
Dirty:             90012 kB
Writeback:             0 kB
AnonPages:        730396 kB
Mapped:           352848 kB
Shmem:             51524 kB
KReclaimable:     246868 kB
Slab:             338888 kB
SReclaimable:     246868 kB
SUnreclaim:        92020 kB
KernelStack:        4136 kB
PageTables:         6980 kB
SecPageTables:         0 kB
NFS_Unstable:          0 kB
Bounce:                0 kB
WritebackTmp:          0 kB
CommitLimit:    11335136 kB
Committed_AS:    2482824 kB
VmallocTotal:   34359738367 kB
VmallocUsed:       32132 kB
VmallocChunk:          0 kB
Percpu:             2048 kB
HardwareCorrupted:     0 kB
AnonHugePages:    219136 kB
ShmemHugePages:        0 kB
ShmemPmdMapped:        0 kB
FileHugePages:         0 kB
FilePmdMapped:         0 kB
Unaccepted:            0 kB
HugePages_Total:       0
HugePages_Free:        0
HugePages_Rsvd:        0
HugePages_Surp:        0
Hugepagesize:       2048 kB
Hugetlb:               0 kB
DirectMap4k:      103736 kB
DirectMap2M:     3041280 kB
DirectMap1G:    15728640 kB
