-- /proc/meminfo --
MemTotal:       16378824 kB
MemFree:        10130640 kB
MemAvailable:   14912556 kB
Buffers:          108092 kB
Cached:          4835908 kB
SwapCached:            0 kB
Active:           732560 kB
Inactive:        4456388 kB
Active(anon):     304964 kB
Inactive(anon):        0 kB
Active(file):     427596 kB
Inactive(file):  4456388 kB
Unevictable:       46772 kB
Mlocked:           43700 kB
SwapTotal:       3145724 kB
SwapFree:        3145724 kB
Zswap:                 0 kB
Zswapped:              0 kB
Dirty:               716 kB
Writeback:             0 kB
AnonPages:        290468 kB
Mapped:           295544 kB
Shmem:             51260 kB
KReclaimable:     243860 kB
Slab:             336244 kB
SReclaimable:     243860 kB
SUnreclaim:        92384 kB
KernelStack:        3972 kB
PageTables:         6064 kB
SecPageTables:         0 kB
NFS_Unstable:          0 kB
Bounce:                0 kB
WritebackTmp:          0 kB
CommitLimit:    11335136 kB
Committed_AS:    2000968 kB
VmallocTotal:   34359738367 kB
VmallocUsed:       31924 kB
VmallocChunk:          0 kB
Percpu:             2048 kB
HardwareCorrupted:     0 kB
AnonHugePages:    133120 kB
ShmemHugePages:        0 kB
ShmemPmdMapped:        0 kB
FileHugePages:         0 kB
FilePmdMapped:         0 kB
Unaccepted:            0 kB
HugePages_Total:       0
HugePages_Free:        0
HugePages_Rsvd:        0
HugePages_Surp:        0
Hugepagesize:       2048 kB
Hugetlb:               0 kB
DirectMap4k:      103736 kB
DirectMap2M:     3041280 kB
DirectMap1G:    15728640 kB
