-- /proc/meminfo --
MemTotal:       16378824 kB
MemFree:        10060436 kB
MemAvailable:   14842240 kB
Buffers:          108064 kB
Cached:          4835980 kB
SwapCached:            0 kB
Active:           784476 kB
Inactive:        4456436 kB
Active(anon):     356880 kB
Inactive(anon):        0 kB
Active(file):     427596 kB
Inactive(file):  4456436 kB
Unevictable:       46772 kB
Mlocked:           43700 kB
SwapTotal:       3145724 kB
SwapFree:        3145724 kB
Zswap:                 0 kB
Zswapped:              0 kB
Dirty:               872 kB
Writeback:             0 kB
AnonPages:        342308 kB
Mapped:           325804 kB
Shmem:             51260 kB
KReclaimable:     243700 kB
Slab:             335916 kB
SReclaimable:     243700 kB
SUnreclaim:        92216 kB
KernelStack:        4068 kB
PageTables:         6252 kB
SecPageTables:         0 kB
NFS_Unstable:          0 kB
Bounce:                0 kB
WritebackTmp:          0 kB
CommitLimit:    11335136 kB
Committed_AS:    2075396 kB
VmallocTotal:   34359738367 kB
VmallocUsed:       32084 kB
VmallocChunk:          0 kB
Percpu:             2048 kB
HardwareCorrupted:     0 kB
AnonHugePages:    133120 kB
ShmemHugePages:        0 kB
ShmemPmdMapped:        0 kB
FileHugePages:         0 kB
FilePmdMapped:         0 kB
Unaccepted:            0 kB
HugePages_Total:       0
HugePages_Free:        0
HugePages_Rsvd:        0
HugePages_Surp:        0
Hugepagesize:       2048 kB
Hugetlb:               0 kB
DirectMap4k:      103736 kB
DirectMap2M:     3041280 kB
DirectMap1G:    15728640 kB
