-- /proc/meminfo --
MemTotal:       16378824 kB
MemFree:         9949588 kB
MemAvailable:   14765460 kB
Buffers:          108696 kB
Cached:          4867972 kB
SwapCached:            0 kB
Active:           889728 kB
Inactive:        4488908 kB
Active(anon):     462132 kB
Inactive(anon):        0 kB
Active(file):     427596 kB
Inactive(file):  4488908 kB
Unevictable:       46772 kB
Mlocked:           43700 kB
SwapTotal:       3145724 kB
SwapFree:        3145724 kB
Zswap:                 0 kB
Zswapped:              0 kB
Dirty:               668 kB
Writeback:             0 kB
AnonPages:        445536 kB
Mapped:           337376 kB
Shmem:             51420 kB
KReclaimable:     245296 kB
Slab:             337252 kB
SReclaimable:     245296 kB
SUnreclaim:        91956 kB
KernelStack:        4004 kB
PageTables:         6248 kB
SecPageTables:         0 kB
NFS_Unstable:          0 kB
Bounce:                0 kB
WritebackTmp:          0 kB
CommitLimit:    11335136 kB
Committed_AS:    2123500 kB
VmallocTotal:   34359738367 kB
VmallocUsed:       31972 kB
VmallocChunk:          0 kB
Percpu:             2048 kB
HardwareCorrupted:     0 kB
AnonHugePages:    190464 kB
ShmemHugePages:        0 kB
ShmemPmdMapped:        0 kB
FileHugePages:         0 kB
FilePmdMapped:         0 kB
Unaccepted:            0 kB
HugePages_Total:       0
HugePages_Free:        0
HugePages_Rsvd:        0
HugePages_Surp:        0
Hugepagesize:       2048 kB
Hugetlb:               0 kB
DirectMap4k:      103736 kB
DirectMap2M:     3041280 kB
DirectMap1G:    15728640 kB
