-- /proc/meminfo --
MemTotal:       16378824 kB
MemFree:         9880196 kB
MemAvailable:   14680400 kB
Buffers:          108804 kB
Cached:          4852356 kB
SwapCached:            0 kB
Active:           793648 kB
Inactive:        4473400 kB
Active(anon):     366052 kB
Inactive(anon):        0 kB
Active(file):     427596 kB
Inactive(file):  4473400 kB
Unevictable:       46772 kB
Mlocked:           43700 kB
SwapTotal:       3145724 kB
SwapFree:        3145724 kB
Zswap:                 0 kB
Zswapped:              0 kB
Dirty:               744 kB
Writeback:             0 kB
AnonPages:        349424 kB
Mapped:           332376 kB
Shmem:             51420 kB
KReclaimable:     245136 kB
Slab:             337052 kB
SReclaimable:     245136 kB
SUnreclaim:        91916 kB
KernelStack:        3900 kB
PageTables:         6168 kB
SecPageTables:         0 kB
NFS_Unstable:          0 kB
Bounce:                0 kB
WritebackTmp:          0 kB
CommitLimit:    11335136 kB
Committed_AS:    2016648 kB
VmallocTotal:   34359738367 kB
VmallocUsed:       31956 kB
VmallocChunk:          0 kB
Percpu:             2048 kB
HardwareCorrupted:     0 kB
AnonHugePages:    133120 kB
ShmemHugePages:        0 kB
ShmemPmdMapped:        0 kB
FileHugePages:         0 kB
FilePmdMapped:         0 kB
Unaccepted:            0 kB
HugePages_Total:       0
HugePages_Free:        0
HugePages_Rsvd:        0
HugePages_Surp:        0
Hugepagesize:       2048 kB
Hugetlb:               0 kB
DirectMap4k:      103736 kB
DirectMap2M:     3041280 kB
DirectMap1G:    15728640 kB
