-- /proc/meminfo --
MemTotal:       16378824 kB
MemFree:         9754288 kB
MemAvailable:   14556804 kB
Buffers:          109288 kB
Cached:          4854588 kB
SwapCached:            0 kB
Active:          1167212 kB
Inactive:        4475732 kB
Active(anon):     739616 kB
Inactive(anon):        0 kB
Active(file):     427596 kB
Inactive(file):  4475732 kB
Unevictable:       46772 kB
Mlocked:           43700 kB
SwapTotal:       3145724 kB
SwapFree:        3145724 kB
Zswap:                 0 kB
Zswapped:              0 kB
Dirty:               652 kB
Writeback:             0 kB
AnonPages:        722260 kB
Mapped:           340628 kB
Shmem:             51804 kB
KReclaimable:     245116 kB
Slab:             337192 kB
SReclaimable:     245116 kB
SUnreclaim:        92076 kB
KernelStack:        4076 kB
PageTables:         6832 kB
SecPageTables:         0 kB
NFS_Unstable:          0 kB
Bounce:                0 kB
WritebackTmp:          0 kB
CommitLimit:    11335136 kB
Committed_AS:    2403060 kB
VmallocTotal:   34359738367 kB
VmallocUsed:       31972 kB
VmallocChunk:          0 kB
Percpu:             2048 kB
HardwareCorrupted:     0 kB
AnonHugePages:    210944 kB
ShmemHugePages:        0 kB
ShmemPmdMapped:        0 kB
FileHugePages:         0 kB
FilePmdMapped:         0 kB
Unaccepted:            0 kB
HugePages_Total:       0
HugePages_Free:        0
HugePages_Rsvd:        0
HugePages_Surp:        0
Hugepagesize:       2048 kB
Hugetlb:               0 kB
DirectMap4k:      103736 kB
DirectMap2M:     3041280 kB
DirectMap1G:    15728640 kB
