-- /proc/meminfo --
MemTotal:       16378824 kB
MemFree:         9487480 kB
MemAvailable:   14381264 kB
Buffers:          109252 kB
Cached:          4943652 kB
SwapCached:            0 kB
Active:          1260884 kB
Inactive:        4564792 kB
Active(anon):     833288 kB
Inactive(anon):        0 kB
Active(file):     427596 kB
Inactive(file):  4564792 kB
Unevictable:       46772 kB
Mlocked:           43700 kB
SwapTotal:       3145724 kB
SwapFree:        3145724 kB
Zswap:                 0 kB
Zswapped:              0 kB
Dirty:             89904 kB
Writeback:             0 kB
AnonPages:        816148 kB
Mapped:           418416 kB
Shmem:             51760 kB
KReclaimable:     247324 kB
Slab:             339516 kB
SReclaimable:     247324 kB
SUnreclaim:        92192 kB
KernelStack:        4340 kB
PageTables:         7712 kB
SecPageTables:         0 kB
NFS_Unstable:          0 kB
Bounce:                0 kB
WritebackTmp:          0 kB
CommitLimit:    11335136 kB
Committed_AS:    2576588 kB
VmallocTotal:   34359738367 kB
VmallocUsed:       32420 kB
VmallocChunk:          0 kB
Percpu:             2048 kB
HardwareCorrupted:     0 kB
AnonHugePages:    217088 kB
ShmemHugePages:        0 kB
ShmemPmdMapped:        0 kB
FileHugePages:         0 kB
FilePmdMapped:         0 kB
Unaccepted:            0 kB
HugePages_Total:       0
HugePages_Free:        0
HugePages_Rsvd:        0
HugePages_Surp:        0
Hugepagesize:       2048 kB
Hugetlb:               0 kB
DirectMap4k:      103736 kB
DirectMap2M:     3041280 kB
DirectMap1G:    15728640 kB
