-- /proc/meminfo --
MemTotal:       16378824 kB
MemFree:         9439324 kB
MemAvailable:   14332788 kB
Buffers:          109208 kB
Cached:          4943476 kB
SwapCached:            0 kB
Active:          1272536 kB
Inactive:        4564580 kB
Active(anon):     844940 kB
Inactive(anon):        0 kB
Active(file):     427596 kB
Inactive(file):  4564580 kB
Unevictable:       46772 kB
Mlocked:           43700 kB
SwapTotal:       3145724 kB
SwapFree:        3145724 kB
Zswap:                 0 kB
Zswapped:              0 kB
Dirty:             90096 kB
Writeback:             0 kB
AnonPages:        827832 kB
Mapped:           421244 kB
Shmem:             51760 kB
KReclaimable:     247216 kB
Slab:             339428 kB
SReclaimable:     247216 kB
SUnreclaim:        92212 kB
KernelStack:        4392 kB
PageTables:         7752 kB
SecPageTables:         0 kB
NFS_Unstable:          0 kB
Bounce:                0 kB
WritebackTmp:          0 kB
CommitLimit:    11335136 kB
Committed_AS:    2592920 kB
VmallocTotal:   34359738367 kB
VmallocUsed:       32308 kB
VmallocChunk:          0 kB
Percpu:             2048 kB
HardwareCorrupted:     0 kB
AnonHugePages:    217088 kB
ShmemHugePages:        0 kB
ShmemPmdMapped:        0 kB
FileHugePages:         0 kB
FilePmdMapped:         0 kB
Unaccepted:            0 kB
HugePages_Total:       0
HugePages_Free:        0
HugePages_Rsvd:        0
HugePages_Surp:        0
Hugepagesize:       2048 kB
Hugetlb:               0 kB
DirectMap4k:      103736 kB
DirectMap2M:     3041280 kB
DirectMap1G:    15728640 kB
