-- /proc/meminfo --
MemTotal:       16378824 kB
MemFree:        10076940 kB
MemAvailable:   14877236 kB
Buffers:          108848 kB
Cached:          4852576 kB
SwapCached:            0 kB
Active:           871704 kB
Inactive:        4473548 kB
Active(anon):     444108 kB
Inactive(anon):        0 kB
Active(file):     427596 kB
Inactive(file):  4473548 kB
Unevictable:       46772 kB
Mlocked:           43700 kB
SwapTotal:       3145724 kB
SwapFree:        3145724 kB
Zswap:                 0 kB
Zswapped:              0 kB
Dirty:               604 kB
Writeback:             0 kB
AnonPages:        427376 kB
Mapped:           337292 kB
Shmem:             51524 kB
KReclaimable:     245080 kB
Slab:             337028 kB
SReclaimable:     245080 kB
SUnreclaim:        91948 kB
KernelStack:        3992 kB
PageTables:         6380 kB
SecPageTables:         0 kB
NFS_Unstable:          0 kB
Bounce:                0 kB
WritebackTmp:          0 kB
CommitLimit:    11335136 kB
Committed_AS:    2103944 kB
VmallocTotal:   34359738367 kB
VmallocUsed:       31972 kB
VmallocChunk:          0 kB
Percpu:             2048 kB
HardwareCorrupted:     0 kB
AnonHugePages:    176128 kB
ShmemHugePages:        0 kB
ShmemPmdMapped:        0 kB
FileHugePages:         0 kB
FilePmdMapped:         0 kB
Unaccepted:            0 kB
HugePages_Total:       0
HugePages_Free:        0
HugePages_Rsvd:        0
HugePages_Surp:        0
Hugepagesize:       2048 kB
Hugetlb:               0 kB
DirectMap4k:      103736 kB
DirectMap2M:     3041280 kB
DirectMap1G:    15728640 kB
