-- /proc/meminfo --
MemTotal:       16378824 kB
MemFree:         9215028 kB
MemAvailable:   14103896 kB
Buffers:          108544 kB
Cached:          4940468 kB
SwapCached:            0 kB
Active:          1435584 kB
Inactive:        4561320 kB
Active(anon):    1007988 kB
Inactive(anon):        0 kB
Active(file):     427596 kB
Inactive(file):  4561320 kB
Unevictable:       46772 kB
Mlocked:           43700 kB
SwapTotal:       3145724 kB
SwapFree:        3145724 kB
Zswap:                 0 kB
Zswapped:              0 kB
Dirty:             89712 kB
Writeback:             0 kB
AnonPages:        991860 kB
Mapped:           427156 kB
Shmem:             51352 kB
KReclaimable:     245880 kB
Slab:             338044 kB
SReclaimable:     245880 kB
SUnreclaim:        92164 kB
KernelStack:        4248 kB
PageTables:         8196 kB
SecPageTables:         0 kB
NFS_Unstable:          0 kB
Bounce:                0 kB
WritebackTmp:          0 kB
CommitLimit:    11335136 kB
Committed_AS:    2794596 kB
VmallocTotal:   34359738367 kB
VmallocUsed:       32292 kB
VmallocChunk:          0 kB
Percpu:             2048 kB
HardwareCorrupted:     0 kB
AnonHugePages:    249856 kB
ShmemHugePages:        0 kB
ShmemPmdMapped:        0 kB
FileHugePages:         0 kB
FilePmdMapped:         0 kB
Unaccepted:            0 kB
HugePages_Total:       0
HugePages_Free:        0
HugePages_Rsvd:        0
HugePages_Surp:        0
Hugepagesize:       2048 kB
Hugetlb:               0 kB
DirectMap4k:      103736 kB
DirectMap2M:     3041280 kB
DirectMap1G:    15728640 kB
