-- /proc/meminfo --
MemTotal:       16378824 kB
MemFree:         9287820 kB
MemAvailable:   14181776 kB
Buffers:          109268 kB
Cached:          4943796 kB
SwapCached:            0 kB
Active:          1255020 kB
Inactive:        4564920 kB
Active(anon):     827424 kB
Inactive(anon):        0 kB
Active(file):     427596 kB
Inactive(file):  4564920 kB
Unevictable:       46772 kB
Mlocked:           43700 kB
SwapTotal:       3145724 kB
SwapFree:        3145724 kB
Zswap:                 0 kB
Zswapped:              0 kB
Dirty:             89960 kB
Writeback:             0 kB
AnonPages:        810308 kB
Mapped:           418192 kB
Shmem:             51804 kB
KReclaimable:     247368 kB
Slab:             339600 kB
SReclaimable:     247368 kB
SUnreclaim:        92232 kB
KernelStack:        4432 kB
PageTables:         7636 kB
SecPageTables:         0 kB
NFS_Unstable:          0 kB
Bounce:                0 kB
WritebackTmp:          0 kB
CommitLimit:    11335136 kB
Committed_AS:    2571876 kB
VmallocTotal:   34359738367 kB
VmallocUsed:       32436 kB
VmallocChunk:          0 kB
Percpu:             2048 kB
HardwareCorrupted:     0 kB
AnonHugePages:    215040 kB
ShmemHugePages:        0 kB
ShmemPmdMapped:        0 kB
FileHugePages:         0 kB
FilePmdMapped:         0 kB
Unaccepted:            0 kB
HugePages_Total:       0
HugePages_Free:        0
HugePages_Rsvd:        0
HugePages_Surp:        0
Hugepagesize:       2048 kB
Hugetlb:               0 kB
DirectMap4k:      103736 kB
DirectMap2M:     3041280 kB
DirectMap1G:    15728640 kB
