-- /proc/meminfo --
MemTotal:       16378824 kB
MemFree:         9445024 kB
MemAvailable:   14338076 kB
Buffers:          109144 kB
Cached:          4943168 kB
SwapCached:            0 kB
Active:          1270600 kB
Inactive:        4564268 kB
Active(anon):     843004 kB
Inactive(anon):        0 kB
Active(file):     427596 kB
Inactive(file):  4564268 kB
Unevictable:       46772 kB
Mlocked:           43700 kB
SwapTotal:       3145724 kB
SwapFree:        3145724 kB
Zswap:                 0 kB
Zswapped:              0 kB
Dirty:             90104 kB
Writeback:             0 kB
AnonPages:        825988 kB
Mapped:           421772 kB
Shmem:             51692 kB
KReclaimable:     247116 kB
Slab:             339364 kB
SReclaimable:     247116 kB
SUnreclaim:        92248 kB
KernelStack:        4328 kB
PageTables:         7732 kB
SecPageTables:         0 kB
NFS_Unstable:          0 kB
Bounce:                0 kB
WritebackTmp:          0 kB
CommitLimit:    11335136 kB
Committed_AS:    2588848 kB
VmallocTotal:   34359738367 kB
VmallocUsed:       32244 kB
VmallocChunk:          0 kB
Percpu:             2048 kB
HardwareCorrupted:     0 kB
AnonHugePages:    219136 kB
ShmemHugePages:        0 kB
ShmemPmdMapped:        0 kB
FileHugePages:         0 kB
FilePmdMapped:         0 kB
Unaccepted:            0 kB
HugePages_Total:       0
HugePages_Free:        0
HugePages_Rsvd:        0
HugePages_Surp:        0
Hugepagesize:       2048 kB
Hugetlb:               0 kB
DirectMap4k:      103736 kB
DirectMap2M:     3041280 kB
DirectMap1G:    15728640 kB
