-- /proc/meminfo --
MemTotal:       16378824 kB
MemFree:         9346248 kB
MemAvailable:   14220136 kB
Buffers:          108132 kB
Cached:          4925416 kB
SwapCached:            0 kB
Active:          1271868 kB
Inactive:        4545936 kB
Active(anon):     844272 kB
Inactive(anon):        0 kB
Active(file):     427596 kB
Inactive(file):  4545936 kB
Unevictable:       46772 kB
Mlocked:           43700 kB
SwapTotal:       3145724 kB
SwapFree:        3145724 kB
Zswap:                 0 kB
Zswapped:              0 kB
Dirty:             90196 kB
Writeback:             0 kB
AnonPages:        829096 kB
Mapped:           425656 kB
Shmem:             51260 kB
KReclaimable:     246284 kB
Slab:             338676 kB
SReclaimable:     246284 kB
SUnreclaim:        92392 kB
KernelStack:        4396 kB
PageTables:         7896 kB
SecPageTables:         0 kB
NFS_Unstable:          0 kB
Bounce:                0 kB
WritebackTmp:          0 kB
CommitLimit:    11335136 kB
Committed_AS:    2652808 kB
VmallocTotal:   34359738367 kB
VmallocUsed:       32308 kB
VmallocChunk:          0 kB
Percpu:             2048 kB
HardwareCorrupted:     0 kB
AnonHugePages:    215040 kB
ShmemHugePages:        0 kB
ShmemPmdMapped:        0 kB
FileHugePages:         0 kB
FilePmdMapped:         0 kB
Unaccepted:            0 kB
HugePages_Total:       0
HugePages_Free:        0
HugePages_Rsvd:        0
HugePages_Surp:        0
Hugepagesize:       2048 kB
Hugetlb:               0 kB
DirectMap4k:      103736 kB
DirectMap2M:     3041280 kB
DirectMap1G:    15728640 kB
