-- /proc/meminfo --
MemTotal:       16378824 kB
MemFree:        10073280 kB
MemAvailable:   14854908 kB
Buffers:          108044 kB
Cached:          4835436 kB
SwapCached:            0 kB
Active:           782012 kB
Inactive:        4456132 kB
Active(anon):     354416 kB
Inactive(anon):        0 kB
Active(file):     427596 kB
Inactive(file):  4456132 kB
Unevictable:       46772 kB
Mlocked:           43700 kB
SwapTotal:       3145724 kB
SwapFree:        3145724 kB
Zswap:                 0 kB
Zswapped:              0 kB
Dirty:               748 kB
Writeback:             0 kB
AnonPages:        340244 kB
Mapped:           325780 kB
Shmem:             51000 kB
KReclaimable:     243828 kB
Slab:             336096 kB
SReclaimable:     243828 kB
SUnreclaim:        92268 kB
KernelStack:        4064 kB
PageTables:         6584 kB
SecPageTables:         0 kB
NFS_Unstable:          0 kB
Bounce:                0 kB
WritebackTmp:          0 kB
CommitLimit:    11335136 kB
Committed_AS:    2072396 kB
VmallocTotal:   34359738367 kB
VmallocUsed:       32100 kB
VmallocChunk:          0 kB
Percpu:             2048 kB
HardwareCorrupted:     0 kB
AnonHugePages:    133120 kB
ShmemHugePages:        0 kB
ShmemPmdMapped:        0 kB
FileHugePages:         0 kB
FilePmdMapped:         0 kB
Unaccepted:            0 kB
HugePages_Total:       0
HugePages_Free:        0
HugePages_Rsvd:        0
HugePages_Surp:        0
Hugepagesize:       2048 kB
Hugetlb:               0 kB
DirectMap4k:      103736 kB
DirectMap2M:     3041280 kB
DirectMap1G:    15728640 kB
