-- /proc/meminfo --
MemTotal:       16378824 kB
MemFree:         9712844 kB
MemAvailable:   14532172 kB
Buffers:          109312 kB
Cached:          4870748 kB
SwapCached:            0 kB
Active:           728716 kB
Inactive:        4491912 kB
Active(anon):     301120 kB
Inactive(anon):        0 kB
Active(file):     427596 kB
Inactive(file):  4491912 kB
Unevictable:       46772 kB
Mlocked:           43700 kB
SwapTotal:       3145724 kB
SwapFree:        3145724 kB
Zswap:                 0 kB
Zswapped:              0 kB
Dirty:               652 kB
Writeback:             0 kB
AnonPages:        283776 kB
Mapped:           291404 kB
Shmem:             51804 kB
KReclaimable:     245748 kB
Slab:             337796 kB
SReclaimable:     245748 kB
SUnreclaim:        92048 kB
KernelStack:        3848 kB
PageTables:         5732 kB
SecPageTables:         0 kB
NFS_Unstable:          0 kB
Bounce:                0 kB
WritebackTmp:          0 kB
CommitLimit:    11335136 kB
Committed_AS:    1934344 kB
VmallocTotal:   34359738367 kB
VmallocUsed:       31748 kB
VmallocChunk:          0 kB
Percpu:             2048 kB
HardwareCorrupted:     0 kB
AnonHugePages:    126976 kB
ShmemHugePages:        0 kB
ShmemPmdMapped:        0 kB
FileHugePages:         0 kB
FilePmdMapped:         0 kB
Unaccepted:            0 kB
HugePages_Total:       0
HugePages_Free:        0
HugePages_Rsvd:        0
HugePages_Surp:        0
Hugepagesize:       2048 kB
Hugetlb:               0 kB
DirectMap4k:      103736 kB
DirectMap2M:     3041280 kB
DirectMap1G:    15728640 kB
