-- /proc/meminfo --
MemTotal:       16378824 kB
MemFree:         9386952 kB
MemAvailable:   14260632 kB
Buffers:          108168 kB
Cached:          4925196 kB
SwapCached:            0 kB
Active:          1259968 kB
Inactive:        4545760 kB
Active(anon):     832372 kB
Inactive(anon):        0 kB
Active(file):     427596 kB
Inactive(file):  4545760 kB
Unevictable:       46772 kB
Mlocked:           43700 kB
SwapTotal:       3145724 kB
SwapFree:        3145724 kB
Zswap:                 0 kB
Zswapped:              0 kB
Dirty:             89796 kB
Writeback:             0 kB
AnonPages:        816844 kB
Mapped:           426820 kB
Shmem:             51264 kB
KReclaimable:     246252 kB
Slab:             338724 kB
SReclaimable:     246252 kB
SUnreclaim:        92472 kB
KernelStack:        4436 kB
PageTables:         7864 kB
SecPageTables:         0 kB
NFS_Unstable:          0 kB
Bounce:                0 kB
WritebackTmp:          0 kB
CommitLimit:    11335136 kB
Committed_AS:    2643596 kB
VmallocTotal:   34359738367 kB
VmallocUsed:       32484 kB
VmallocChunk:          0 kB
Percpu:             2048 kB
HardwareCorrupted:     0 kB
AnonHugePages:    215040 kB
ShmemHugePages:        0 kB
ShmemPmdMapped:        0 kB
FileHugePages:         0 kB
FilePmdMapped:         0 kB
Unaccepted:            0 kB
HugePages_Total:       0
HugePages_Free:        0
HugePages_Rsvd:        0
HugePages_Surp:        0
Hugepagesize:       2048 kB
Hugetlb:               0 kB
DirectMap4k:      103736 kB
DirectMap2M:     3041280 kB
DirectMap1G:    15728640 kB
