-- /proc/meminfo --
MemTotal:       16378824 kB
MemFree:        10042364 kB
MemAvailable:   14838148 kB
Buffers:          108248 kB
Cached:          4849508 kB
SwapCached:            0 kB
Active:           766204 kB
Inactive:        4470128 kB
Active(anon):     338608 kB
Inactive(anon):        0 kB
Active(file):     427596 kB
Inactive(file):  4470128 kB
Unevictable:       46772 kB
Mlocked:           43700 kB
SwapTotal:       3145724 kB
SwapFree:        3145724 kB
Zswap:                 0 kB
Zswapped:              0 kB
Dirty:             13924 kB
Writeback:             8 kB
AnonPages:        323144 kB
Mapped:           317484 kB
Shmem:             51280 kB
KReclaimable:     243988 kB
Slab:             335948 kB
SReclaimable:     243988 kB
SUnreclaim:        91960 kB
KernelStack:        3916 kB
PageTables:         6032 kB
SecPageTables:         0 kB
NFS_Unstable:          0 kB
Bounce:                0 kB
WritebackTmp:          0 kB
CommitLimit:    11335136 kB
Committed_AS:    1982620 kB
VmallocTotal:   34359738367 kB
VmallocUsed:       31876 kB
VmallocChunk:          0 kB
Percpu:             2048 kB
HardwareCorrupted:     0 kB
AnonHugePages:    129024 kB
ShmemHugePages:        0 kB
ShmemPmdMapped:        0 kB
FileHugePages:         0 kB
FilePmdMapped:         0 kB
Unaccepted:            0 kB
HugePages_Total:       0
HugePages_Free:        0
HugePages_Rsvd:        0
HugePages_Surp:        0
Hugepagesize:       2048 kB
Hugetlb:               0 kB
DirectMap4k:      103736 kB
DirectMap2M:     3041280 kB
DirectMap1G:    15728640 kB
