-- /proc/meminfo --
MemTotal:       16378824 kB
MemFree:         9562888 kB
MemAvailable:   14345568 kB
Buffers:          108220 kB
Cached:          4836348 kB
SwapCached:            0 kB
Active:           997396 kB
Inactive:        4456944 kB
Active(anon):     569800 kB
Inactive(anon):        0 kB
Active(file):     427596 kB
Inactive(file):  4456944 kB
Unevictable:       46772 kB
Mlocked:           43700 kB
SwapTotal:       3145724 kB
SwapFree:        3145724 kB
Zswap:                 0 kB
Zswapped:              0 kB
Dirty:               808 kB
Writeback:             0 kB
AnonPages:        554236 kB
Mapped:           339280 kB
Shmem:             51272 kB
KReclaimable:     244068 kB
Slab:             336116 kB
SReclaimable:     244068 kB
SUnreclaim:        92048 kB
KernelStack:        4120 kB
PageTables:         6620 kB
SecPageTables:         0 kB
NFS_Unstable:          0 kB
Bounce:                0 kB
WritebackTmp:          0 kB
CommitLimit:    11335136 kB
Committed_AS:    2231340 kB
VmallocTotal:   34359738367 kB
VmallocUsed:       32100 kB
VmallocChunk:          0 kB
Percpu:             2048 kB
HardwareCorrupted:     0 kB
AnonHugePages:    219136 kB
ShmemHugePages:        0 kB
ShmemPmdMapped:        0 kB
FileHugePages:         0 kB
FilePmdMapped:         0 kB
Unaccepted:            0 kB
HugePages_Total:       0
HugePages_Free:        0
HugePages_Rsvd:        0
HugePages_Surp:        0
Hugepagesize:       2048 kB
Hugetlb:               0 kB
DirectMap4k:      103736 kB
DirectMap2M:     3041280 kB
DirectMap1G:    15728640 kB
