-- /proc/meminfo --
MemTotal:       16378824 kB
MemFree:         9222852 kB
MemAvailable:   14096868 kB
Buffers:          108148 kB
Cached:          4925484 kB
SwapCached:            0 kB
Active:          1278308 kB
Inactive:        4546032 kB
Active(anon):     850712 kB
Inactive(anon):        0 kB
Active(file):     427596 kB
Inactive(file):  4546032 kB
Unevictable:       46772 kB
Mlocked:           43700 kB
SwapTotal:       3145724 kB
SwapFree:        3145724 kB
Zswap:                 0 kB
Zswapped:              0 kB
Dirty:             90024 kB
Writeback:             0 kB
AnonPages:        835620 kB
Mapped:           426568 kB
Shmem:             51260 kB
KReclaimable:     246316 kB
Slab:             338784 kB
SReclaimable:     246316 kB
SUnreclaim:        92468 kB
KernelStack:        4492 kB
PageTables:         7900 kB
SecPageTables:         0 kB
NFS_Unstable:          0 kB
Bounce:                0 kB
WritebackTmp:          0 kB
CommitLimit:    11335136 kB
Committed_AS:    2662968 kB
VmallocTotal:   34359738367 kB
VmallocUsed:       32340 kB
VmallocChunk:          0 kB
Percpu:             2048 kB
HardwareCorrupted:     0 kB
AnonHugePages:    217088 kB
ShmemHugePages:        0 kB
ShmemPmdMapped:        0 kB
FileHugePages:         0 kB
FilePmdMapped:         0 kB
Unaccepted:            0 kB
HugePages_Total:       0
HugePages_Free:        0
HugePages_Rsvd:        0
HugePages_Surp:        0
Hugepagesize:       2048 kB
Hugetlb:               0 kB
DirectMap4k:      103736 kB
DirectMap2M:     3041280 kB
DirectMap1G:    15728640 kB
