-- /proc/meminfo --
MemTotal:       16378824 kB
MemFree:         9066168 kB
MemAvailable:   13986276 kB
Buffers:          108332 kB
Cached:          4971172 kB
SwapCached:            0 kB
Active:          1662028 kB
Inactive:        4591856 kB
Active(anon):    1234432 kB
Inactive(anon):        0 kB
Active(file):     427596 kB
Inactive(file):  4591856 kB
Unevictable:       46772 kB
Mlocked:           43700 kB
SwapTotal:       3145724 kB
SwapFree:        3145724 kB
Zswap:                 0 kB
Zswapped:              0 kB
Dirty:            121588 kB
Writeback:             0 kB
AnonPages:       1220736 kB
Mapped:           435248 kB
Shmem:             51308 kB
KReclaimable:     246584 kB
Slab:             338952 kB
SReclaimable:     246584 kB
SUnreclaim:        92368 kB
KernelStack:        4360 kB
PageTables:         8748 kB
SecPageTables:         0 kB
NFS_Unstable:          0 kB
Bounce:                0 kB
WritebackTmp:          0 kB
CommitLimit:    11335136 kB
Committed_AS:    3045440 kB
VmallocTotal:   34359738367 kB
VmallocUsed:       32404 kB
VmallocChunk:          0 kB
Percpu:             2048 kB
HardwareCorrupted:     0 kB
AnonHugePages:    256000 kB
ShmemHugePages:        0 kB
ShmemPmdMapped:        0 kB
FileHugePages:         0 kB
FilePmdMapped:         0 kB
Unaccepted:            0 kB
HugePages_Total:       0
HugePages_Free:        0
HugePages_Rsvd:        0
HugePages_Surp:        0
Hugepagesize:       2048 kB
Hugetlb:               0 kB
DirectMap4k:      103736 kB
DirectMap2M:     3041280 kB
DirectMap1G:    15728640 kB
