-- /proc/meminfo --
MemTotal:       16378824 kB
MemFree:         9091812 kB
MemAvailable:   14029348 kB
Buffers:          108452 kB
Cached:          4987084 kB
SwapCached:            0 kB
Active:          1547540 kB
Inactive:        4607848 kB
Active(anon):    1119944 kB
Inactive(anon):        0 kB
Active(file):     427596 kB
Inactive(file):  4607848 kB
Unevictable:       46772 kB
Mlocked:           43700 kB
SwapTotal:       3145724 kB
SwapFree:        3145724 kB
Zswap:                 0 kB
Zswapped:              0 kB
Dirty:            121212 kB
Writeback:             0 kB
AnonPages:       1104044 kB
Mapped:           434308 kB
Shmem:             51340 kB
KReclaimable:     248020 kB
Slab:             340552 kB
SReclaimable:     248020 kB
SUnreclaim:        92532 kB
KernelStack:        4396 kB
PageTables:         8484 kB
SecPageTables:         0 kB
NFS_Unstable:          0 kB
Bounce:                0 kB
WritebackTmp:          0 kB
CommitLimit:    11335136 kB
Committed_AS:    2888436 kB
VmallocTotal:   34359738367 kB
VmallocUsed:       32452 kB
VmallocChunk:          0 kB
Percpu:             2048 kB
HardwareCorrupted:     0 kB
AnonHugePages:    256000 kB
ShmemHugePages:        0 kB
ShmemPmdMapped:        0 kB
FileHugePages:         0 kB
FilePmdMapped:         0 kB
Unaccepted:            0 kB
HugePages_Total:       0
HugePages_Free:        0
HugePages_Rsvd:        0
HugePages_Surp:        0
Hugepagesize:       2048 kB
Hugetlb:               0 kB
DirectMap4k:      103736 kB
DirectMap2M:     3041280 kB
DirectMap1G:    15728640 kB
