-- /proc/meminfo --
MemTotal:       16378824 kB
MemFree:         9453056 kB
MemAvailable:   14341288 kB
Buffers:          108352 kB
Cached:          4939328 kB
SwapCached:            0 kB
Active:          1328968 kB
Inactive:        4560012 kB
Active(anon):     901372 kB
Inactive(anon):        0 kB
Active(file):     427596 kB
Inactive(file):  4560012 kB
Unevictable:       46772 kB
Mlocked:           43700 kB
SwapTotal:       3145724 kB
SwapFree:        3145724 kB
Zswap:                 0 kB
Zswapped:              0 kB
Dirty:             89640 kB
Writeback:             0 kB
AnonPages:        887660 kB
Mapped:           426152 kB
Shmem:             51328 kB
KReclaimable:     246552 kB
Slab:             338900 kB
SReclaimable:     246552 kB
SUnreclaim:        92348 kB
KernelStack:        4420 kB
PageTables:         8100 kB
SecPageTables:         0 kB
NFS_Unstable:          0 kB
Bounce:                0 kB
WritebackTmp:          0 kB
CommitLimit:    11335136 kB
Committed_AS:    2647632 kB
VmallocTotal:   34359738367 kB
VmallocUsed:       32308 kB
VmallocChunk:          0 kB
Percpu:             2048 kB
HardwareCorrupted:     0 kB
AnonHugePages:    241664 kB
ShmemHugePages:        0 kB
ShmemPmdMapped:        0 kB
FileHugePages:         0 kB
FilePmdMapped:         0 kB
Unaccepted:            0 kB
HugePages_Total:       0
HugePages_Free:        0
HugePages_Rsvd:        0
HugePages_Surp:        0
Hugepagesize:       2048 kB
Hugetlb:               0 kB
DirectMap4k:      103736 kB
DirectMap2M:     3041280 kB
DirectMap1G:    15728640 kB
