-- /proc/meminfo --
MemTotal:       16378824 kB
MemFree:        10019956 kB
MemAvailable:   14833772 kB
Buffers:          108428 kB
Cached:          4866364 kB
SwapCached:            0 kB
Active:           726504 kB
Inactive:        4487116 kB
Active(anon):     298908 kB
Inactive(anon):        0 kB
Active(file):     427596 kB
Inactive(file):  4487116 kB
Unevictable:       46772 kB
Mlocked:           43700 kB
SwapTotal:       3145724 kB
SwapFree:        3145724 kB
Zswap:                 0 kB
Zswapped:              0 kB
Dirty:               792 kB
Writeback:             0 kB
AnonPages:        285340 kB
Mapped:           291064 kB
Shmem:             51328 kB
KReclaimable:     245032 kB
Slab:             337336 kB
SReclaimable:     245032 kB
SUnreclaim:        92304 kB
KernelStack:        3844 kB
PageTables:         5788 kB
SecPageTables:         0 kB
NFS_Unstable:          0 kB
Bounce:                0 kB
WritebackTmp:          0 kB
CommitLimit:    11335136 kB
Committed_AS:    1931760 kB
VmallocTotal:   34359738367 kB
VmallocUsed:       31796 kB
VmallocChunk:          0 kB
Percpu:             2048 kB
HardwareCorrupted:     0 kB
AnonHugePages:    141312 kB
ShmemHugePages:        0 kB
ShmemPmdMapped:        0 kB
FileHugePages:         0 kB
FilePmdMapped:         0 kB
Unaccepted:            0 kB
HugePages_Total:       0
HugePages_Free:        0
HugePages_Rsvd:        0
HugePages_Surp:        0
Hugepagesize:       2048 kB
Hugetlb:               0 kB
DirectMap4k:      103736 kB
DirectMap2M:     3041280 kB
DirectMap1G:    15728640 kB
