-- /proc/meminfo --
MemTotal:       16378824 kB
MemFree:         9505912 kB
MemAvailable:   14395540 kB
Buffers:          108516 kB
Cached:          4940288 kB
SwapCached:            0 kB
Active:          1264932 kB
Inactive:        4561100 kB
Active(anon):     837336 kB
Inactive(anon):        0 kB
Active(file):     427596 kB
Inactive(file):  4561100 kB
Unevictable:       46772 kB
Mlocked:           43700 kB
SwapTotal:       3145724 kB
SwapFree:        3145724 kB
Zswap:                 0 kB
Zswapped:              0 kB
Dirty:             89844 kB
Writeback:             0 kB
AnonPages:        821080 kB
Mapped:           418156 kB
Shmem:             51352 kB
KReclaimable:     246860 kB
Slab:             339112 kB
SReclaimable:     246860 kB
SUnreclaim:        92252 kB
KernelStack:        4440 kB
PageTables:         7744 kB
SecPageTables:         0 kB
NFS_Unstable:          0 kB
Bounce:                0 kB
WritebackTmp:          0 kB
CommitLimit:    11335136 kB
Committed_AS:    2584280 kB
VmallocTotal:   34359738367 kB
VmallocUsed:       32484 kB
VmallocChunk:          0 kB
Percpu:             2048 kB
HardwareCorrupted:     0 kB
AnonHugePages:    219136 kB
ShmemHugePages:        0 kB
ShmemPmdMapped:        0 kB
FileHugePages:         0 kB
FilePmdMapped:         0 kB
Unaccepted:            0 kB
HugePages_Total:       0
HugePages_Free:        0
HugePages_Rsvd:        0
HugePages_Surp:        0
Hugepagesize:       2048 kB
Hugetlb:               0 kB
DirectMap4k:      103736 kB
DirectMap2M:     3041280 kB
DirectMap1G:    15728640 kB
