-- /proc/meminfo --
MemTotal:       16378824 kB
MemFree:         9713016 kB
MemAvailable:   14601496 kB
Buffers:          108492 kB
Cached:          4940204 kB
SwapCached:            0 kB
Active:          1300024 kB
Inactive:        4561000 kB
Active(anon):     872428 kB
Inactive(anon):        0 kB
Active(file):     427596 kB
Inactive(file):  4561000 kB
Unevictable:       46772 kB
Mlocked:           43700 kB
SwapTotal:       3145724 kB
SwapFree:        3145724 kB
Zswap:                 0 kB
Zswapped:              0 kB
Dirty:             89856 kB
Writeback:             0 kB
AnonPages:        856308 kB
Mapped:           420828 kB
Shmem:             51352 kB
KReclaimable:     245812 kB
Slab:             338040 kB
SReclaimable:     245812 kB
SUnreclaim:        92228 kB
KernelStack:        4456 kB
PageTables:         7824 kB
SecPageTables:         0 kB
NFS_Unstable:          0 kB
Bounce:                0 kB
WritebackTmp:          0 kB
CommitLimit:    11335136 kB
Committed_AS:    2622484 kB
VmallocTotal:   34359738367 kB
VmallocUsed:       32372 kB
VmallocChunk:          0 kB
Percpu:             2048 kB
HardwareCorrupted:     0 kB
AnonHugePages:    219136 kB
ShmemHugePages:        0 kB
ShmemPmdMapped:        0 kB
FileHugePages:         0 kB
FilePmdMapped:         0 kB
Unaccepted:            0 kB
HugePages_Total:       0
HugePages_Free:        0
HugePages_Rsvd:        0
HugePages_Surp:        0
Hugepagesize:       2048 kB
Hugetlb:               0 kB
DirectMap4k:      103736 kB
DirectMap2M:     3041280 kB
DirectMap1G:    15728640 kB
