-- /proc/meminfo --
MemTotal:       16378824 kB
MemFree:         9412012 kB
MemAvailable:   14207984 kB
Buffers:          108236 kB
Cached:          4849680 kB
SwapCached:            0 kB
Active:          1273916 kB
Inactive:        4470284 kB
Active(anon):     846320 kB
Inactive(anon):        0 kB
Active(file):     427596 kB
Inactive(file):  4470284 kB
Unevictable:       46772 kB
Mlocked:           43700 kB
SwapTotal:       3145724 kB
SwapFree:        3145724 kB
Zswap:                 0 kB
Zswapped:              0 kB
Dirty:             13908 kB
Writeback:             0 kB
AnonPages:        830736 kB
Mapped:           340716 kB
Shmem:             51280 kB
KReclaimable:     244020 kB
Slab:             336068 kB
SReclaimable:     244020 kB
SUnreclaim:        92048 kB
KernelStack:        4020 kB
PageTables:         7384 kB
SecPageTables:         0 kB
NFS_Unstable:          0 kB
Bounce:                0 kB
WritebackTmp:          0 kB
CommitLimit:    11335136 kB
Committed_AS:    2523240 kB
VmallocTotal:   34359738367 kB
VmallocUsed:       32036 kB
VmallocChunk:          0 kB
Percpu:             2048 kB
HardwareCorrupted:     0 kB
AnonHugePages:    137216 kB
ShmemHugePages:        0 kB
ShmemPmdMapped:        0 kB
FileHugePages:         0 kB
FilePmdMapped:         0 kB
Unaccepted:            0 kB
HugePages_Total:       0
HugePages_Free:        0
HugePages_Rsvd:        0
HugePages_Surp:        0
Hugepagesize:       2048 kB
Hugetlb:               0 kB
DirectMap4k:      103736 kB
DirectMap2M:     3041280 kB
DirectMap1G:    15728640 kB
