-- /proc/meminfo --
MemTotal:       16378824 kB
MemFree:         9942288 kB
MemAvailable:   14739952 kB
Buffers:          108444 kB
Cached:          4850688 kB
SwapCached:            0 kB
Active:           741724 kB
Inactive:        4471464 kB
Active(anon):     314128 kB
Inactive(anon):        0 kB
Active(file):     427596 kB
Inactive(file):  4471464 kB
Unevictable:       46772 kB
Mlocked:           43700 kB
SwapTotal:       3145724 kB
SwapFree:        3145724 kB
Zswap:                 0 kB
Zswapped:              0 kB
Dirty:               812 kB
Writeback:             0 kB
AnonPages:        300432 kB
Mapped:           309220 kB
Shmem:             51328 kB
KReclaimable:     244532 kB
Slab:             336736 kB
SReclaimable:     244532 kB
SUnreclaim:        92204 kB
KernelStack:        4028 kB
PageTables:         5900 kB
SecPageTables:         0 kB
NFS_Unstable:          0 kB
Bounce:                0 kB
WritebackTmp:          0 kB
CommitLimit:    11335136 kB
Committed_AS:    1954756 kB
VmallocTotal:   34359738367 kB
VmallocUsed:       32004 kB
VmallocChunk:          0 kB
Percpu:             2048 kB
HardwareCorrupted:     0 kB
AnonHugePages:    139264 kB
ShmemHugePages:        0 kB
ShmemPmdMapped:        0 kB
FileHugePages:         0 kB
FilePmdMapped:         0 kB
Unaccepted:            0 kB
HugePages_Total:       0
HugePages_Free:        0
HugePages_Rsvd:        0
HugePages_Surp:        0
Hugepagesize:       2048 kB
Hugetlb:               0 kB
DirectMap4k:      103736 kB
DirectMap2M:     3041280 kB
DirectMap1G:    15728640 kB
