-- /proc/meminfo --
MemTotal:       16378824 kB
MemFree:         9291940 kB
MemAvailable:   14180488 kB
Buffers:          108380 kB
Cached:          4939512 kB
SwapCached:            0 kB
Active:          1323612 kB
Inactive:        4560212 kB
Active(anon):     896016 kB
Inactive(anon):        0 kB
Active(file):     427596 kB
Inactive(file):  4560212 kB
Unevictable:       46772 kB
Mlocked:           43700 kB
SwapTotal:       3145724 kB
SwapFree:        3145724 kB
Zswap:                 0 kB
Zswapped:              0 kB
Dirty:             89744 kB
Writeback:             0 kB
AnonPages:        882508 kB
Mapped:           421620 kB
Shmem:             51328 kB
KReclaimable:     246668 kB
Slab:             338988 kB
SReclaimable:     246668 kB
SUnreclaim:        92320 kB
KernelStack:        4388 kB
PageTables:         7824 kB
SecPageTables:         0 kB
NFS_Unstable:          0 kB
Bounce:                0 kB
WritebackTmp:          0 kB
CommitLimit:    11335136 kB
Committed_AS:    2652132 kB
VmallocTotal:   34359738367 kB
VmallocUsed:       32436 kB
VmallocChunk:          0 kB
Percpu:             2048 kB
HardwareCorrupted:     0 kB
AnonHugePages:    227328 kB
ShmemHugePages:        0 kB
ShmemPmdMapped:        0 kB
FileHugePages:         0 kB
FilePmdMapped:         0 kB
Unaccepted:            0 kB
HugePages_Total:       0
HugePages_Free:        0
HugePages_Rsvd:        0
HugePages_Surp:        0
Hugepagesize:       2048 kB
Hugetlb:               0 kB
DirectMap4k:      103736 kB
DirectMap2M:     3041280 kB
DirectMap1G:    15728640 kB
